[0.012s] Invoking command in '/home/theo/Documents/RBE4540FinalProjectGroup1/project_ws/build/vbm_project_env': CMAKE_PREFIX_PATH=${CMAKE_PREFIX_PATH}:/opt/ros/humble /usr/bin/cmake --build /home/theo/Documents/RBE4540FinalProjectGroup1/project_ws/build/vbm_project_env -- -j4 -l4
[0.057s] Invoked command in '/home/theo/Documents/RBE4540FinalProjectGroup1/project_ws/build/vbm_project_env' returned '0': CMAKE_PREFIX_PATH=${CMAKE_PREFIX_PATH}:/opt/ros/humble /usr/bin/cmake --build /home/theo/Documents/RBE4540FinalProjectGroup1/project_ws/build/vbm_project_env -- -j4 -l4
[0.069s] Invoking command in '/home/theo/Documents/RBE4540FinalProjectGroup1/project_ws/build/vbm_project_env': CMAKE_PREFIX_PATH=${CMAKE_PREFIX_PATH}:/opt/ros/humble /usr/bin/cmake --install /home/theo/Documents/RBE4540FinalProjectGroup1/project_ws/build/vbm_project_env
[0.079s] -- Install configuration: ""
[0.080s] -- Up-to-date: /home/theo/Documents/RBE4540FinalProjectGroup1/project_ws/install/vbm_project_env/share/vbm_project_env/launch
[0.080s] -- Up-to-date: /home/theo/Documents/RBE4540FinalProjectGroup1/project_ws/install/vbm_project_env/share/vbm_project_env/launch/simulation.launch.py
[0.081s] -- Up-to-date: /home/theo/Documents/RBE4540FinalProjectGroup1/project_ws/install/vbm_project_env/share/vbm_project_env/worlds
[0.081s] -- Up-to-date: /home/theo/Documents/RBE4540FinalProjectGroup1/project_ws/install/vbm_project_env/share/vbm_project_env/worlds/simulation.world
[0.082s] -- Up-to-date: /home/theo/Documents/RBE4540FinalProjectGroup1/project_ws/install/vbm_project_env/share/vbm_project_env/urdf
[0.082s] -- Up-to-date: /home/theo/Documents/RBE4540FinalProjectGroup1/project_ws/install/vbm_project_env/share/vbm_project_env/urdf/camera.urdf
[0.082s] -- Up-to-date: /home/theo/Documents/RBE4540FinalProjectGroup1/project_ws/install/vbm_project_env/share/ament_index/resource_index/package_run_dependencies/vbm_project_env
[0.082s] -- Up-to-date: /home/theo/Documents/RBE4540FinalProjectGroup1/project_ws/install/vbm_project_env/share/ament_index/resource_index/parent_prefix_path/vbm_project_env
[0.082s] -- Up-to-date: /home/theo/Documents/RBE4540FinalProjectGroup1/project_ws/install/vbm_project_env/share/vbm_project_env/environment/ament_prefix_path.sh
[0.082s] -- Up-to-date: /home/theo/Documents/RBE4540FinalProjectGroup1/project_ws/install/vbm_project_env/share/vbm_project_env/environment/ament_prefix_path.dsv
[0.082s] -- Up-to-date: /home/theo/Documents/RBE4540FinalProjectGroup1/project_ws/install/vbm_project_env/share/vbm_project_env/environment/path.sh
[0.082s] -- Up-to-date: /home/theo/Documents/RBE4540FinalProjectGroup1/project_ws/install/vbm_project_env/share/vbm_project_env/environment/path.dsv
[0.083s] -- Up-to-date: /home/theo/Documents/RBE4540FinalProjectGroup1/project_ws/install/vbm_project_env/share/vbm_project_env/local_setup.bash
[0.083s] -- Up-to-date: /home/theo/Documents/RBE4540FinalProjectGroup1/project_ws/install/vbm_project_env/share/vbm_project_env/local_setup.sh
[0.083s] -- Up-to-date: /home/theo/Documents/RBE4540FinalProjectGroup1/project_ws/install/vbm_project_env/share/vbm_project_env/local_setup.zsh
[0.083s] -- Up-to-date: /home/theo/Documents/RBE4540FinalProjectGroup1/project_ws/install/vbm_project_env/share/vbm_project_env/local_setup.dsv
[0.084s] -- Up-to-date: /home/theo/Documents/RBE4540FinalProjectGroup1/project_ws/install/vbm_project_env/share/vbm_project_env/package.dsv
[0.084s] -- Up-to-date: /home/theo/Documents/RBE4540FinalProjectGroup1/project_ws/install/vbm_project_env/share/ament_index/resource_index/packages/vbm_project_env
[0.084s] -- Up-to-date: /home/theo/Documents/RBE4540FinalProjectGroup1/project_ws/install/vbm_project_env/share/vbm_project_env/cmake/vbm_project_envConfig.cmake
[0.084s] -- Up-to-date: /home/theo/Documents/RBE4540FinalProjectGroup1/project_ws/install/vbm_project_env/share/vbm_project_env/cmake/vbm_project_envConfig-version.cmake
[0.084s] -- Up-to-date: /home/theo/Documents/RBE4540FinalProjectGroup1/project_ws/install/vbm_project_env/share/vbm_project_env/package.xml
[0.086s] Invoked command in '/home/theo/Documents/RBE4540FinalProjectGroup1/project_ws/build/vbm_project_env' returned '0': CMAKE_PREFIX_PATH=${CMAKE_PREFIX_PATH}:/opt/ros/humble /usr/bin/cmake --install /home/theo/Documents/RBE4540FinalProjectGroup1/project_ws/build/vbm_project_env
