[0.009s] Invoking command in '/home/cloliveira/Final_Project/RBE4540FinalProjectGroup1/project_ws/build/vbm_project_env': CMAKE_PREFIX_PATH=${CMAKE_PREFIX_PATH}:/home/cloliveira/HW4/gazebotest_ws/install/rrbot_gazebo:/home/cloliveira/HW4/gazebotest_ws/install/rrbot_description:/home/cloliveira/HW4/gazebotest_ws/install/opencv_test_py:/home/cloliveira/rbe450x-ros/install/my_package:/opt/ros/humble /usr/bin/cmake --build /home/cloliveira/Final_Project/RBE4540FinalProjectGroup1/project_ws/build/vbm_project_env -- -j20 -l20
[0.033s] -- Found ament_cmake: 1.3.12 (/opt/ros/humble/share/ament_cmake/cmake)
[0.154s] -- Found ament_lint_auto: 0.12.14 (/opt/ros/humble/share/ament_lint_auto/cmake)
[0.201s] -- Added test 'flake8' to check Python code syntax and style conventions
[0.202s] -- Added test 'lint_cmake' to check CMake code style
[0.202s] -- Added test 'pep257' to check Python code against some of the docstring style conventions in PEP 257
[0.203s] -- Added test 'xmllint' to check XML markup files
[0.203s] -- Configuring done
[0.205s] -- Generating done
[0.206s] -- Build files have been written to: /home/cloliveira/Final_Project/RBE4540FinalProjectGroup1/project_ws/build/vbm_project_env
[0.226s] Invoked command in '/home/cloliveira/Final_Project/RBE4540FinalProjectGroup1/project_ws/build/vbm_project_env' returned '0': CMAKE_PREFIX_PATH=${CMAKE_PREFIX_PATH}:/home/cloliveira/HW4/gazebotest_ws/install/rrbot_gazebo:/home/cloliveira/HW4/gazebotest_ws/install/rrbot_description:/home/cloliveira/HW4/gazebotest_ws/install/opencv_test_py:/home/cloliveira/rbe450x-ros/install/my_package:/opt/ros/humble /usr/bin/cmake --build /home/cloliveira/Final_Project/RBE4540FinalProjectGroup1/project_ws/build/vbm_project_env -- -j20 -l20
[0.236s] Invoking command in '/home/cloliveira/Final_Project/RBE4540FinalProjectGroup1/project_ws/build/vbm_project_env': CMAKE_PREFIX_PATH=${CMAKE_PREFIX_PATH}:/home/cloliveira/HW4/gazebotest_ws/install/rrbot_gazebo:/home/cloliveira/HW4/gazebotest_ws/install/rrbot_description:/home/cloliveira/HW4/gazebotest_ws/install/opencv_test_py:/home/cloliveira/rbe450x-ros/install/my_package:/opt/ros/humble /usr/bin/cmake --install /home/cloliveira/Final_Project/RBE4540FinalProjectGroup1/project_ws/build/vbm_project_env
[0.241s] -- Install configuration: ""
[0.241s] -- Up-to-date: /home/cloliveira/Final_Project/RBE4540FinalProjectGroup1/project_ws/install/vbm_project_env/share/vbm_project_env/launch
[0.241s] -- Up-to-date: /home/cloliveira/Final_Project/RBE4540FinalProjectGroup1/project_ws/install/vbm_project_env/share/vbm_project_env/launch/simulation.launch.py
[0.241s] -- Up-to-date: /home/cloliveira/Final_Project/RBE4540FinalProjectGroup1/project_ws/install/vbm_project_env/share/vbm_project_env/worlds
[0.241s] -- Up-to-date: /home/cloliveira/Final_Project/RBE4540FinalProjectGroup1/project_ws/install/vbm_project_env/share/vbm_project_env/worlds/simulation.world
[0.241s] -- Up-to-date: /home/cloliveira/Final_Project/RBE4540FinalProjectGroup1/project_ws/install/vbm_project_env/share/vbm_project_env/urdf
[0.242s] -- Up-to-date: /home/cloliveira/Final_Project/RBE4540FinalProjectGroup1/project_ws/install/vbm_project_env/share/vbm_project_env/urdf/camera.urdf
[0.242s] -- Up-to-date: /home/cloliveira/Final_Project/RBE4540FinalProjectGroup1/project_ws/install/vbm_project_env/share/ament_index/resource_index/package_run_dependencies/vbm_project_env
[0.242s] -- Installing: /home/cloliveira/Final_Project/RBE4540FinalProjectGroup1/project_ws/install/vbm_project_env/share/ament_index/resource_index/parent_prefix_path/vbm_project_env
[0.242s] -- Up-to-date: /home/cloliveira/Final_Project/RBE4540FinalProjectGroup1/project_ws/install/vbm_project_env/share/vbm_project_env/environment/ament_prefix_path.sh
[0.242s] -- Installing: /home/cloliveira/Final_Project/RBE4540FinalProjectGroup1/project_ws/install/vbm_project_env/share/vbm_project_env/environment/ament_prefix_path.dsv
[0.242s] -- Up-to-date: /home/cloliveira/Final_Project/RBE4540FinalProjectGroup1/project_ws/install/vbm_project_env/share/vbm_project_env/environment/path.sh
[0.242s] -- Installing: /home/cloliveira/Final_Project/RBE4540FinalProjectGroup1/project_ws/install/vbm_project_env/share/vbm_project_env/environment/path.dsv
[0.242s] -- Up-to-date: /home/cloliveira/Final_Project/RBE4540FinalProjectGroup1/project_ws/install/vbm_project_env/share/vbm_project_env/local_setup.bash
[0.242s] -- Up-to-date: /home/cloliveira/Final_Project/RBE4540FinalProjectGroup1/project_ws/install/vbm_project_env/share/vbm_project_env/local_setup.sh
[0.242s] -- Up-to-date: /home/cloliveira/Final_Project/RBE4540FinalProjectGroup1/project_ws/install/vbm_project_env/share/vbm_project_env/local_setup.zsh
[0.242s] -- Installing: /home/cloliveira/Final_Project/RBE4540FinalProjectGroup1/project_ws/install/vbm_project_env/share/vbm_project_env/local_setup.dsv
[0.243s] -- Installing: /home/cloliveira/Final_Project/RBE4540FinalProjectGroup1/project_ws/install/vbm_project_env/share/vbm_project_env/package.dsv
[0.243s] -- Up-to-date: /home/cloliveira/Final_Project/RBE4540FinalProjectGroup1/project_ws/install/vbm_project_env/share/ament_index/resource_index/packages/vbm_project_env
[0.243s] -- Up-to-date: /home/cloliveira/Final_Project/RBE4540FinalProjectGroup1/project_ws/install/vbm_project_env/share/vbm_project_env/cmake/vbm_project_envConfig.cmake
[0.243s] -- Up-to-date: /home/cloliveira/Final_Project/RBE4540FinalProjectGroup1/project_ws/install/vbm_project_env/share/vbm_project_env/cmake/vbm_project_envConfig-version.cmake
[0.244s] -- Installing: /home/cloliveira/Final_Project/RBE4540FinalProjectGroup1/project_ws/install/vbm_project_env/share/vbm_project_env/package.xml
[0.244s] Invoked command in '/home/cloliveira/Final_Project/RBE4540FinalProjectGroup1/project_ws/build/vbm_project_env' returned '0': CMAKE_PREFIX_PATH=${CMAKE_PREFIX_PATH}:/home/cloliveira/HW4/gazebotest_ws/install/rrbot_gazebo:/home/cloliveira/HW4/gazebotest_ws/install/rrbot_description:/home/cloliveira/HW4/gazebotest_ws/install/opencv_test_py:/home/cloliveira/rbe450x-ros/install/my_package:/opt/ros/humble /usr/bin/cmake --install /home/cloliveira/Final_Project/RBE4540FinalProjectGroup1/project_ws/build/vbm_project_env
