[0.081s] DEBUG:colcon:Command line arguments: ['/usr/bin/colcon', 'build']
[0.081s] DEBUG:colcon:Parsed command line arguments: Namespace(log_base=None, log_level=None, verb_name='build', build_base='build', install_base='install', merge_install=False, symlink_install=False, test_result_base=None, continue_on_error=False, executor='parallel', parallel_workers=20, event_handlers=None, ignore_user_meta=False, metas=['./colcon.meta'], base_paths=['.'], packages_ignore=None, packages_ignore_regex=None, paths=None, packages_up_to=None, packages_up_to_regex=None, packages_above=None, packages_above_and_dependencies=None, packages_above_depth=None, packages_select_by_dep=None, packages_skip_by_dep=None, packages_skip_up_to=None, packages_select_build_failed=False, packages_skip_build_finished=False, packages_select_test_failures=False, packages_skip_test_passed=False, packages_select=None, packages_skip=None, packages_select_regex=None, packages_skip_regex=None, packages_start=None, packages_end=None, allow_overriding=[], cmake_args=None, cmake_target=None, cmake_target_skip_unavailable=False, cmake_clean_cache=False, cmake_clean_first=False, cmake_force_configure=False, ament_cmake_args=None, catkin_cmake_args=None, catkin_skip_building_tests=False, mixin_files=None, mixin=None, verb_parser=<colcon_mixin.mixin.mixin_argument.MixinArgumentDecorator object at 0x74d331d46ce0>, verb_extension=<colcon_core.verb.build.BuildVerb object at 0x74d331d045b0>, main=<bound method BuildVerb.main of <colcon_core.verb.build.BuildVerb object at 0x74d331d045b0>>, mixin_verb=('build',))
[0.177s] Level 1:colcon.colcon_core.package_discovery:discover_packages(colcon_meta) check parameters
[0.177s] Level 1:colcon.colcon_core.package_discovery:discover_packages(recursive) check parameters
[0.177s] Level 1:colcon.colcon_core.package_discovery:discover_packages(ignore) check parameters
[0.177s] Level 1:colcon.colcon_core.package_discovery:discover_packages(path) check parameters
[0.177s] Level 1:colcon.colcon_core.package_discovery:discover_packages(colcon_meta) discover
[0.177s] Level 1:colcon.colcon_core.package_discovery:discover_packages(recursive) discover
[0.177s] INFO:colcon.colcon_core.package_discovery:Crawling recursively for packages in '/home/cloliveira/Final_Project/RBE4540FinalProjectGroup1/project_ws'
[0.177s] Level 1:colcon.colcon_core.package_identification:_identify(.) by extensions ['ignore', 'ignore_ament_install']
[0.178s] Level 1:colcon.colcon_core.package_identification:_identify(.) by extension 'ignore'
[0.178s] Level 1:colcon.colcon_core.package_identification:_identify(.) by extension 'ignore_ament_install'
[0.178s] Level 1:colcon.colcon_core.package_identification:_identify(.) by extensions ['colcon_pkg']
[0.178s] Level 1:colcon.colcon_core.package_identification:_identify(.) by extension 'colcon_pkg'
[0.178s] Level 1:colcon.colcon_core.package_identification:_identify(.) by extensions ['colcon_meta']
[0.178s] Level 1:colcon.colcon_core.package_identification:_identify(.) by extension 'colcon_meta'
[0.178s] Level 1:colcon.colcon_core.package_identification:_identify(.) by extensions ['ros']
[0.178s] Level 1:colcon.colcon_core.package_identification:_identify(.) by extension 'ros'
[0.184s] Level 1:colcon.colcon_core.package_identification:_identify(.) by extensions ['cmake', 'python']
[0.185s] Level 1:colcon.colcon_core.package_identification:_identify(.) by extension 'cmake'
[0.185s] Level 1:colcon.colcon_core.package_identification:_identify(.) by extension 'python'
[0.185s] Level 1:colcon.colcon_core.package_identification:_identify(.) by extensions ['python_setup_py']
[0.185s] Level 1:colcon.colcon_core.package_identification:_identify(.) by extension 'python_setup_py'
[0.185s] Level 1:colcon.colcon_core.package_identification:_identify(build) by extensions ['ignore', 'ignore_ament_install']
[0.185s] Level 1:colcon.colcon_core.package_identification:_identify(build) by extension 'ignore'
[0.185s] Level 1:colcon.colcon_core.package_identification:_identify(build) ignored
[0.185s] Level 1:colcon.colcon_core.package_identification:_identify(install) by extensions ['ignore', 'ignore_ament_install']
[0.185s] Level 1:colcon.colcon_core.package_identification:_identify(install) by extension 'ignore'
[0.185s] Level 1:colcon.colcon_core.package_identification:_identify(install) ignored
[0.185s] Level 1:colcon.colcon_core.package_identification:_identify(log) by extensions ['ignore', 'ignore_ament_install']
[0.185s] Level 1:colcon.colcon_core.package_identification:_identify(log) by extension 'ignore'
[0.185s] Level 1:colcon.colcon_core.package_identification:_identify(log) ignored
[0.185s] Level 1:colcon.colcon_core.package_identification:_identify(src) by extensions ['ignore', 'ignore_ament_install']
[0.185s] Level 1:colcon.colcon_core.package_identification:_identify(src) by extension 'ignore'
[0.185s] Level 1:colcon.colcon_core.package_identification:_identify(src) by extension 'ignore_ament_install'
[0.185s] Level 1:colcon.colcon_core.package_identification:_identify(src) by extensions ['colcon_pkg']
[0.185s] Level 1:colcon.colcon_core.package_identification:_identify(src) by extension 'colcon_pkg'
[0.185s] Level 1:colcon.colcon_core.package_identification:_identify(src) by extensions ['colcon_meta']
[0.185s] Level 1:colcon.colcon_core.package_identification:_identify(src) by extension 'colcon_meta'
[0.185s] Level 1:colcon.colcon_core.package_identification:_identify(src) by extensions ['ros']
[0.185s] Level 1:colcon.colcon_core.package_identification:_identify(src) by extension 'ros'
[0.185s] Level 1:colcon.colcon_core.package_identification:_identify(src) by extensions ['cmake', 'python']
[0.185s] Level 1:colcon.colcon_core.package_identification:_identify(src) by extension 'cmake'
[0.185s] Level 1:colcon.colcon_core.package_identification:_identify(src) by extension 'python'
[0.185s] Level 1:colcon.colcon_core.package_identification:_identify(src) by extensions ['python_setup_py']
[0.185s] Level 1:colcon.colcon_core.package_identification:_identify(src) by extension 'python_setup_py'
[0.185s] Level 1:colcon.colcon_core.package_identification:_identify(src/pcl) by extensions ['ignore', 'ignore_ament_install']
[0.185s] Level 1:colcon.colcon_core.package_identification:_identify(src/pcl) by extension 'ignore'
[0.186s] Level 1:colcon.colcon_core.package_identification:_identify(src/pcl) by extension 'ignore_ament_install'
[0.186s] Level 1:colcon.colcon_core.package_identification:_identify(src/pcl) by extensions ['colcon_pkg']
[0.186s] Level 1:colcon.colcon_core.package_identification:_identify(src/pcl) by extension 'colcon_pkg'
[0.186s] Level 1:colcon.colcon_core.package_identification:_identify(src/pcl) by extensions ['colcon_meta']
[0.186s] Level 1:colcon.colcon_core.package_identification:_identify(src/pcl) by extension 'colcon_meta'
[0.186s] Level 1:colcon.colcon_core.package_identification:_identify(src/pcl) by extensions ['ros']
[0.186s] Level 1:colcon.colcon_core.package_identification:_identify(src/pcl) by extension 'ros'
[0.187s] DEBUG:colcon.colcon_core.package_identification:Package 'src/pcl' with type 'ros.ament_cmake' and name 'pcl'
[0.187s] Level 1:colcon.colcon_core.package_identification:_identify(src/vbm_project_env) by extensions ['ignore', 'ignore_ament_install']
[0.187s] Level 1:colcon.colcon_core.package_identification:_identify(src/vbm_project_env) by extension 'ignore'
[0.188s] Level 1:colcon.colcon_core.package_identification:_identify(src/vbm_project_env) by extension 'ignore_ament_install'
[0.188s] Level 1:colcon.colcon_core.package_identification:_identify(src/vbm_project_env) by extensions ['colcon_pkg']
[0.188s] Level 1:colcon.colcon_core.package_identification:_identify(src/vbm_project_env) by extension 'colcon_pkg'
[0.188s] Level 1:colcon.colcon_core.package_identification:_identify(src/vbm_project_env) by extensions ['colcon_meta']
[0.188s] Level 1:colcon.colcon_core.package_identification:_identify(src/vbm_project_env) by extension 'colcon_meta'
[0.188s] Level 1:colcon.colcon_core.package_identification:_identify(src/vbm_project_env) by extensions ['ros']
[0.188s] Level 1:colcon.colcon_core.package_identification:_identify(src/vbm_project_env) by extension 'ros'
[0.188s] DEBUG:colcon.colcon_core.package_identification:Package 'src/vbm_project_env' with type 'ros.ament_cmake' and name 'vbm_project_env'
[0.188s] Level 1:colcon.colcon_core.package_discovery:discover_packages(recursive) using defaults
[0.188s] Level 1:colcon.colcon_core.package_discovery:discover_packages(ignore) discover
[0.188s] Level 1:colcon.colcon_core.package_discovery:discover_packages(ignore) using defaults
[0.188s] Level 1:colcon.colcon_core.package_discovery:discover_packages(path) discover
[0.188s] Level 1:colcon.colcon_core.package_discovery:discover_packages(path) using defaults
[0.206s] Level 1:colcon.colcon_core.package_discovery:discover_packages(prefix_path) check parameters
[0.206s] Level 1:colcon.colcon_core.package_discovery:discover_packages(prefix_path) discover
[0.207s] DEBUG:colcon.colcon_installed_package_information.package_discovery:Found 2 installed packages in /home/cloliveira/Final_Project/RBE4540FinalProjectGroup1/project_ws/install
[0.207s] DEBUG:colcon.colcon_installed_package_information.package_discovery:Found 1 installed packages in /home/cloliveira/rbe450x-ros/install
[0.207s] DEBUG:colcon.colcon_installed_package_information.package_discovery:Found 3 installed packages in /home/cloliveira/HW4/gazebotest_ws/install
[0.208s] DEBUG:colcon.colcon_installed_package_information.package_discovery:Found 343 installed packages in /opt/ros/humble
[0.209s] Level 1:colcon.colcon_core.package_discovery:discover_packages(prefix_path) using defaults
[0.234s] Level 5:colcon.colcon_core.verb:set package 'pcl' build argument 'cmake_args' from command line to 'None'
[0.234s] Level 5:colcon.colcon_core.verb:set package 'pcl' build argument 'cmake_target' from command line to 'None'
[0.234s] Level 5:colcon.colcon_core.verb:set package 'pcl' build argument 'cmake_target_skip_unavailable' from command line to 'False'
[0.234s] Level 5:colcon.colcon_core.verb:set package 'pcl' build argument 'cmake_clean_cache' from command line to 'False'
[0.234s] Level 5:colcon.colcon_core.verb:set package 'pcl' build argument 'cmake_clean_first' from command line to 'False'
[0.234s] Level 5:colcon.colcon_core.verb:set package 'pcl' build argument 'cmake_force_configure' from command line to 'False'
[0.234s] Level 5:colcon.colcon_core.verb:set package 'pcl' build argument 'ament_cmake_args' from command line to 'None'
[0.234s] Level 5:colcon.colcon_core.verb:set package 'pcl' build argument 'catkin_cmake_args' from command line to 'None'
[0.234s] Level 5:colcon.colcon_core.verb:set package 'pcl' build argument 'catkin_skip_building_tests' from command line to 'False'
[0.234s] DEBUG:colcon.colcon_core.verb:Building package 'pcl' with the following arguments: {'ament_cmake_args': None, 'build_base': '/home/cloliveira/Final_Project/RBE4540FinalProjectGroup1/project_ws/build/pcl', 'catkin_cmake_args': None, 'catkin_skip_building_tests': False, 'cmake_args': None, 'cmake_clean_cache': False, 'cmake_clean_first': False, 'cmake_force_configure': False, 'cmake_target': None, 'cmake_target_skip_unavailable': False, 'install_base': '/home/cloliveira/Final_Project/RBE4540FinalProjectGroup1/project_ws/install/pcl', 'merge_install': False, 'path': '/home/cloliveira/Final_Project/RBE4540FinalProjectGroup1/project_ws/src/pcl', 'symlink_install': False, 'test_result_base': None}
[0.235s] Level 5:colcon.colcon_core.verb:set package 'vbm_project_env' build argument 'cmake_args' from command line to 'None'
[0.235s] Level 5:colcon.colcon_core.verb:set package 'vbm_project_env' build argument 'cmake_target' from command line to 'None'
[0.235s] Level 5:colcon.colcon_core.verb:set package 'vbm_project_env' build argument 'cmake_target_skip_unavailable' from command line to 'False'
[0.235s] Level 5:colcon.colcon_core.verb:set package 'vbm_project_env' build argument 'cmake_clean_cache' from command line to 'False'
[0.235s] Level 5:colcon.colcon_core.verb:set package 'vbm_project_env' build argument 'cmake_clean_first' from command line to 'False'
[0.235s] Level 5:colcon.colcon_core.verb:set package 'vbm_project_env' build argument 'cmake_force_configure' from command line to 'False'
[0.235s] Level 5:colcon.colcon_core.verb:set package 'vbm_project_env' build argument 'ament_cmake_args' from command line to 'None'
[0.235s] Level 5:colcon.colcon_core.verb:set package 'vbm_project_env' build argument 'catkin_cmake_args' from command line to 'None'
[0.235s] Level 5:colcon.colcon_core.verb:set package 'vbm_project_env' build argument 'catkin_skip_building_tests' from command line to 'False'
[0.235s] DEBUG:colcon.colcon_core.verb:Building package 'vbm_project_env' with the following arguments: {'ament_cmake_args': None, 'build_base': '/home/cloliveira/Final_Project/RBE4540FinalProjectGroup1/project_ws/build/vbm_project_env', 'catkin_cmake_args': None, 'catkin_skip_building_tests': False, 'cmake_args': None, 'cmake_clean_cache': False, 'cmake_clean_first': False, 'cmake_force_configure': False, 'cmake_target': None, 'cmake_target_skip_unavailable': False, 'install_base': '/home/cloliveira/Final_Project/RBE4540FinalProjectGroup1/project_ws/install/vbm_project_env', 'merge_install': False, 'path': '/home/cloliveira/Final_Project/RBE4540FinalProjectGroup1/project_ws/src/vbm_project_env', 'symlink_install': False, 'test_result_base': None}
[0.235s] INFO:colcon.colcon_core.executor:Executing jobs using 'parallel' executor
[0.236s] DEBUG:colcon.colcon_parallel_executor.executor.parallel:run_until_complete
[0.236s] INFO:colcon.colcon_ros.task.ament_cmake.build:Building ROS package in '/home/cloliveira/Final_Project/RBE4540FinalProjectGroup1/project_ws/src/pcl' with build type 'ament_cmake'
[0.236s] INFO:colcon.colcon_cmake.task.cmake.build:Building CMake package in '/home/cloliveira/Final_Project/RBE4540FinalProjectGroup1/project_ws/src/pcl'
[0.237s] INFO:colcon.colcon_core.plugin_system:Skipping extension 'colcon_core.shell.bat': Not used on non-Windows systems
[0.237s] INFO:colcon.colcon_core.shell:Skip shell extension 'powershell' for command environment: Not usable outside of PowerShell
[0.237s] DEBUG:colcon.colcon_core.shell:Skip shell extension 'dsv' for command environment
[0.240s] INFO:colcon.colcon_ros.task.ament_cmake.build:Building ROS package in '/home/cloliveira/Final_Project/RBE4540FinalProjectGroup1/project_ws/src/vbm_project_env' with build type 'ament_cmake'
[0.240s] INFO:colcon.colcon_cmake.task.cmake.build:Building CMake package in '/home/cloliveira/Final_Project/RBE4540FinalProjectGroup1/project_ws/src/vbm_project_env'
[0.240s] INFO:colcon.colcon_core.shell:Skip shell extension 'powershell' for command environment: Not usable outside of PowerShell
[0.240s] DEBUG:colcon.colcon_core.shell:Skip shell extension 'dsv' for command environment
[0.247s] DEBUG:colcon.colcon_core.event_handler.log_command:Invoking command in '/home/cloliveira/Final_Project/RBE4540FinalProjectGroup1/project_ws/build/pcl': CMAKE_PREFIX_PATH=${CMAKE_PREFIX_PATH}:/home/cloliveira/HW4/gazebotest_ws/install/rrbot_gazebo:/home/cloliveira/HW4/gazebotest_ws/install/rrbot_description:/home/cloliveira/HW4/gazebotest_ws/install/opencv_test_py:/home/cloliveira/rbe450x-ros/install/my_package:/opt/ros/humble /usr/bin/cmake --build /home/cloliveira/Final_Project/RBE4540FinalProjectGroup1/project_ws/build/pcl -- -j20 -l20
[0.249s] DEBUG:colcon.colcon_core.event_handler.log_command:Invoking command in '/home/cloliveira/Final_Project/RBE4540FinalProjectGroup1/project_ws/build/vbm_project_env': CMAKE_PREFIX_PATH=${CMAKE_PREFIX_PATH}:/home/cloliveira/HW4/gazebotest_ws/install/rrbot_gazebo:/home/cloliveira/HW4/gazebotest_ws/install/rrbot_description:/home/cloliveira/HW4/gazebotest_ws/install/opencv_test_py:/home/cloliveira/rbe450x-ros/install/my_package:/opt/ros/humble /usr/bin/cmake --build /home/cloliveira/Final_Project/RBE4540FinalProjectGroup1/project_ws/build/vbm_project_env -- -j20 -l20
[0.281s] DEBUG:colcon.colcon_core.event_handler.log_command:Invoked command in '/home/cloliveira/Final_Project/RBE4540FinalProjectGroup1/project_ws/build/vbm_project_env' returned '0': CMAKE_PREFIX_PATH=${CMAKE_PREFIX_PATH}:/home/cloliveira/HW4/gazebotest_ws/install/rrbot_gazebo:/home/cloliveira/HW4/gazebotest_ws/install/rrbot_description:/home/cloliveira/HW4/gazebotest_ws/install/opencv_test_py:/home/cloliveira/rbe450x-ros/install/my_package:/opt/ros/humble /usr/bin/cmake --build /home/cloliveira/Final_Project/RBE4540FinalProjectGroup1/project_ws/build/vbm_project_env -- -j20 -l20
[0.290s] DEBUG:colcon.colcon_core.event_handler.log_command:Invoking command in '/home/cloliveira/Final_Project/RBE4540FinalProjectGroup1/project_ws/build/vbm_project_env': CMAKE_PREFIX_PATH=${CMAKE_PREFIX_PATH}:/home/cloliveira/HW4/gazebotest_ws/install/rrbot_gazebo:/home/cloliveira/HW4/gazebotest_ws/install/rrbot_description:/home/cloliveira/HW4/gazebotest_ws/install/opencv_test_py:/home/cloliveira/rbe450x-ros/install/my_package:/opt/ros/humble /usr/bin/cmake --install /home/cloliveira/Final_Project/RBE4540FinalProjectGroup1/project_ws/build/vbm_project_env
[0.304s] Level 1:colcon.colcon_core.environment:create_environment_scripts_only(vbm_project_env)
[0.304s] DEBUG:colcon.colcon_core.event_handler.log_command:Invoked command in '/home/cloliveira/Final_Project/RBE4540FinalProjectGroup1/project_ws/build/vbm_project_env' returned '0': CMAKE_PREFIX_PATH=${CMAKE_PREFIX_PATH}:/home/cloliveira/HW4/gazebotest_ws/install/rrbot_gazebo:/home/cloliveira/HW4/gazebotest_ws/install/rrbot_description:/home/cloliveira/HW4/gazebotest_ws/install/opencv_test_py:/home/cloliveira/rbe450x-ros/install/my_package:/opt/ros/humble /usr/bin/cmake --install /home/cloliveira/Final_Project/RBE4540FinalProjectGroup1/project_ws/build/vbm_project_env
[0.306s] Level 1:colcon.colcon_core.environment:checking '/home/cloliveira/Final_Project/RBE4540FinalProjectGroup1/project_ws/install/vbm_project_env' for CMake module files
[0.307s] Level 1:colcon.colcon_core.environment:checking '/home/cloliveira/Final_Project/RBE4540FinalProjectGroup1/project_ws/install/vbm_project_env' for CMake config files
[0.307s] Level 1:colcon.colcon_core.shell:create_environment_hook('vbm_project_env', 'cmake_prefix_path')
[0.307s] INFO:colcon.colcon_core.shell:Creating environment hook '/home/cloliveira/Final_Project/RBE4540FinalProjectGroup1/project_ws/install/vbm_project_env/share/vbm_project_env/hook/cmake_prefix_path.ps1'
[0.307s] INFO:colcon.colcon_core.shell:Creating environment descriptor '/home/cloliveira/Final_Project/RBE4540FinalProjectGroup1/project_ws/install/vbm_project_env/share/vbm_project_env/hook/cmake_prefix_path.dsv'
[0.308s] INFO:colcon.colcon_core.shell:Creating environment hook '/home/cloliveira/Final_Project/RBE4540FinalProjectGroup1/project_ws/install/vbm_project_env/share/vbm_project_env/hook/cmake_prefix_path.sh'
[0.308s] Level 1:colcon.colcon_core.environment:checking '/home/cloliveira/Final_Project/RBE4540FinalProjectGroup1/project_ws/install/vbm_project_env/bin'
[0.308s] Level 1:colcon.colcon_core.environment:checking '/home/cloliveira/Final_Project/RBE4540FinalProjectGroup1/project_ws/install/vbm_project_env/lib/pkgconfig/vbm_project_env.pc'
[0.308s] Level 1:colcon.colcon_core.environment:checking '/home/cloliveira/Final_Project/RBE4540FinalProjectGroup1/project_ws/install/vbm_project_env/lib/python3.10/site-packages'
[0.309s] Level 1:colcon.colcon_core.environment:checking '/home/cloliveira/Final_Project/RBE4540FinalProjectGroup1/project_ws/install/vbm_project_env/bin'
[0.309s] INFO:colcon.colcon_core.shell:Creating package script '/home/cloliveira/Final_Project/RBE4540FinalProjectGroup1/project_ws/install/vbm_project_env/share/vbm_project_env/package.ps1'
[0.309s] INFO:colcon.colcon_core.shell:Creating package descriptor '/home/cloliveira/Final_Project/RBE4540FinalProjectGroup1/project_ws/install/vbm_project_env/share/vbm_project_env/package.dsv'
[0.309s] INFO:colcon.colcon_core.shell:Creating package script '/home/cloliveira/Final_Project/RBE4540FinalProjectGroup1/project_ws/install/vbm_project_env/share/vbm_project_env/package.sh'
[0.310s] INFO:colcon.colcon_core.shell:Creating package script '/home/cloliveira/Final_Project/RBE4540FinalProjectGroup1/project_ws/install/vbm_project_env/share/vbm_project_env/package.bash'
[0.310s] INFO:colcon.colcon_core.shell:Creating package script '/home/cloliveira/Final_Project/RBE4540FinalProjectGroup1/project_ws/install/vbm_project_env/share/vbm_project_env/package.zsh'
[0.311s] Level 1:colcon.colcon_core.environment:create_file_with_runtime_dependencies(/home/cloliveira/Final_Project/RBE4540FinalProjectGroup1/project_ws/install/vbm_project_env/share/colcon-core/packages/vbm_project_env)
[0.311s] Level 1:colcon.colcon_core.environment:create_environment_scripts_only(vbm_project_env)
[0.311s] Level 1:colcon.colcon_core.environment:checking '/home/cloliveira/Final_Project/RBE4540FinalProjectGroup1/project_ws/install/vbm_project_env' for CMake module files
[0.311s] Level 1:colcon.colcon_core.environment:checking '/home/cloliveira/Final_Project/RBE4540FinalProjectGroup1/project_ws/install/vbm_project_env' for CMake config files
[0.312s] Level 1:colcon.colcon_core.shell:create_environment_hook('vbm_project_env', 'cmake_prefix_path')
[0.312s] INFO:colcon.colcon_core.shell:Creating environment hook '/home/cloliveira/Final_Project/RBE4540FinalProjectGroup1/project_ws/install/vbm_project_env/share/vbm_project_env/hook/cmake_prefix_path.ps1'
[0.312s] INFO:colcon.colcon_core.shell:Creating environment descriptor '/home/cloliveira/Final_Project/RBE4540FinalProjectGroup1/project_ws/install/vbm_project_env/share/vbm_project_env/hook/cmake_prefix_path.dsv'
[0.312s] INFO:colcon.colcon_core.shell:Creating environment hook '/home/cloliveira/Final_Project/RBE4540FinalProjectGroup1/project_ws/install/vbm_project_env/share/vbm_project_env/hook/cmake_prefix_path.sh'
[0.312s] Level 1:colcon.colcon_core.environment:checking '/home/cloliveira/Final_Project/RBE4540FinalProjectGroup1/project_ws/install/vbm_project_env/bin'
[0.313s] Level 1:colcon.colcon_core.environment:checking '/home/cloliveira/Final_Project/RBE4540FinalProjectGroup1/project_ws/install/vbm_project_env/lib/pkgconfig/vbm_project_env.pc'
[0.313s] Level 1:colcon.colcon_core.environment:checking '/home/cloliveira/Final_Project/RBE4540FinalProjectGroup1/project_ws/install/vbm_project_env/lib/python3.10/site-packages'
[0.313s] Level 1:colcon.colcon_core.environment:checking '/home/cloliveira/Final_Project/RBE4540FinalProjectGroup1/project_ws/install/vbm_project_env/bin'
[0.313s] INFO:colcon.colcon_core.shell:Creating package script '/home/cloliveira/Final_Project/RBE4540FinalProjectGroup1/project_ws/install/vbm_project_env/share/vbm_project_env/package.ps1'
[0.313s] INFO:colcon.colcon_core.shell:Creating package descriptor '/home/cloliveira/Final_Project/RBE4540FinalProjectGroup1/project_ws/install/vbm_project_env/share/vbm_project_env/package.dsv'
[0.313s] INFO:colcon.colcon_core.shell:Creating package script '/home/cloliveira/Final_Project/RBE4540FinalProjectGroup1/project_ws/install/vbm_project_env/share/vbm_project_env/package.sh'
[0.314s] INFO:colcon.colcon_core.shell:Creating package script '/home/cloliveira/Final_Project/RBE4540FinalProjectGroup1/project_ws/install/vbm_project_env/share/vbm_project_env/package.bash'
[0.314s] INFO:colcon.colcon_core.shell:Creating package script '/home/cloliveira/Final_Project/RBE4540FinalProjectGroup1/project_ws/install/vbm_project_env/share/vbm_project_env/package.zsh'
[0.314s] Level 1:colcon.colcon_core.environment:create_file_with_runtime_dependencies(/home/cloliveira/Final_Project/RBE4540FinalProjectGroup1/project_ws/install/vbm_project_env/share/colcon-core/packages/vbm_project_env)
[0.489s] DEBUG:colcon.colcon_core.event_handler.log_command:Invoked command in '/home/cloliveira/Final_Project/RBE4540FinalProjectGroup1/project_ws/build/pcl' returned '0': CMAKE_PREFIX_PATH=${CMAKE_PREFIX_PATH}:/home/cloliveira/HW4/gazebotest_ws/install/rrbot_gazebo:/home/cloliveira/HW4/gazebotest_ws/install/rrbot_description:/home/cloliveira/HW4/gazebotest_ws/install/opencv_test_py:/home/cloliveira/rbe450x-ros/install/my_package:/opt/ros/humble /usr/bin/cmake --build /home/cloliveira/Final_Project/RBE4540FinalProjectGroup1/project_ws/build/pcl -- -j20 -l20
[0.490s] DEBUG:colcon.colcon_core.event_handler.log_command:Invoking command in '/home/cloliveira/Final_Project/RBE4540FinalProjectGroup1/project_ws/build/pcl': CMAKE_PREFIX_PATH=${CMAKE_PREFIX_PATH}:/home/cloliveira/HW4/gazebotest_ws/install/rrbot_gazebo:/home/cloliveira/HW4/gazebotest_ws/install/rrbot_description:/home/cloliveira/HW4/gazebotest_ws/install/opencv_test_py:/home/cloliveira/rbe450x-ros/install/my_package:/opt/ros/humble /usr/bin/cmake --install /home/cloliveira/Final_Project/RBE4540FinalProjectGroup1/project_ws/build/pcl
[0.530s] Level 1:colcon.colcon_core.environment:create_environment_scripts_only(pcl)
[0.530s] DEBUG:colcon.colcon_core.event_handler.log_command:Invoked command in '/home/cloliveira/Final_Project/RBE4540FinalProjectGroup1/project_ws/build/pcl' returned '0': CMAKE_PREFIX_PATH=${CMAKE_PREFIX_PATH}:/home/cloliveira/HW4/gazebotest_ws/install/rrbot_gazebo:/home/cloliveira/HW4/gazebotest_ws/install/rrbot_description:/home/cloliveira/HW4/gazebotest_ws/install/opencv_test_py:/home/cloliveira/rbe450x-ros/install/my_package:/opt/ros/humble /usr/bin/cmake --install /home/cloliveira/Final_Project/RBE4540FinalProjectGroup1/project_ws/build/pcl
[0.531s] Level 1:colcon.colcon_core.environment:checking '/home/cloliveira/Final_Project/RBE4540FinalProjectGroup1/project_ws/install/pcl' for CMake module files
[0.531s] Level 1:colcon.colcon_core.environment:checking '/home/cloliveira/Final_Project/RBE4540FinalProjectGroup1/project_ws/install/pcl' for CMake config files
[0.532s] Level 1:colcon.colcon_core.shell:create_environment_hook('pcl', 'cmake_prefix_path')
[0.532s] INFO:colcon.colcon_core.shell:Creating environment hook '/home/cloliveira/Final_Project/RBE4540FinalProjectGroup1/project_ws/install/pcl/share/pcl/hook/cmake_prefix_path.ps1'
[0.533s] INFO:colcon.colcon_core.shell:Creating environment descriptor '/home/cloliveira/Final_Project/RBE4540FinalProjectGroup1/project_ws/install/pcl/share/pcl/hook/cmake_prefix_path.dsv'
[0.533s] INFO:colcon.colcon_core.shell:Creating environment hook '/home/cloliveira/Final_Project/RBE4540FinalProjectGroup1/project_ws/install/pcl/share/pcl/hook/cmake_prefix_path.sh'
[0.534s] Level 1:colcon.colcon_core.environment:checking '/home/cloliveira/Final_Project/RBE4540FinalProjectGroup1/project_ws/install/pcl/lib'
[0.534s] Level 1:colcon.colcon_core.environment:checking '/home/cloliveira/Final_Project/RBE4540FinalProjectGroup1/project_ws/install/pcl/bin'
[0.534s] Level 1:colcon.colcon_core.environment:checking '/home/cloliveira/Final_Project/RBE4540FinalProjectGroup1/project_ws/install/pcl/lib/pkgconfig/pcl.pc'
[0.534s] Level 1:colcon.colcon_core.environment:checking '/home/cloliveira/Final_Project/RBE4540FinalProjectGroup1/project_ws/install/pcl/lib/python3.10/site-packages'
[0.535s] Level 1:colcon.colcon_core.environment:checking '/home/cloliveira/Final_Project/RBE4540FinalProjectGroup1/project_ws/install/pcl/bin'
[0.535s] INFO:colcon.colcon_core.shell:Creating package script '/home/cloliveira/Final_Project/RBE4540FinalProjectGroup1/project_ws/install/pcl/share/pcl/package.ps1'
[0.536s] INFO:colcon.colcon_core.shell:Creating package descriptor '/home/cloliveira/Final_Project/RBE4540FinalProjectGroup1/project_ws/install/pcl/share/pcl/package.dsv'
[0.536s] INFO:colcon.colcon_core.shell:Creating package script '/home/cloliveira/Final_Project/RBE4540FinalProjectGroup1/project_ws/install/pcl/share/pcl/package.sh'
[0.537s] INFO:colcon.colcon_core.shell:Creating package script '/home/cloliveira/Final_Project/RBE4540FinalProjectGroup1/project_ws/install/pcl/share/pcl/package.bash'
[0.537s] INFO:colcon.colcon_core.shell:Creating package script '/home/cloliveira/Final_Project/RBE4540FinalProjectGroup1/project_ws/install/pcl/share/pcl/package.zsh'
[0.537s] Level 1:colcon.colcon_core.environment:create_file_with_runtime_dependencies(/home/cloliveira/Final_Project/RBE4540FinalProjectGroup1/project_ws/install/pcl/share/colcon-core/packages/pcl)
[0.538s] Level 1:colcon.colcon_core.environment:create_environment_scripts_only(pcl)
[0.538s] Level 1:colcon.colcon_core.environment:checking '/home/cloliveira/Final_Project/RBE4540FinalProjectGroup1/project_ws/install/pcl' for CMake module files
[0.538s] Level 1:colcon.colcon_core.environment:checking '/home/cloliveira/Final_Project/RBE4540FinalProjectGroup1/project_ws/install/pcl' for CMake config files
[0.538s] Level 1:colcon.colcon_core.shell:create_environment_hook('pcl', 'cmake_prefix_path')
[0.538s] INFO:colcon.colcon_core.shell:Creating environment hook '/home/cloliveira/Final_Project/RBE4540FinalProjectGroup1/project_ws/install/pcl/share/pcl/hook/cmake_prefix_path.ps1'
[0.538s] INFO:colcon.colcon_core.shell:Creating environment descriptor '/home/cloliveira/Final_Project/RBE4540FinalProjectGroup1/project_ws/install/pcl/share/pcl/hook/cmake_prefix_path.dsv'
[0.539s] INFO:colcon.colcon_core.shell:Creating environment hook '/home/cloliveira/Final_Project/RBE4540FinalProjectGroup1/project_ws/install/pcl/share/pcl/hook/cmake_prefix_path.sh'
[0.539s] Level 1:colcon.colcon_core.environment:checking '/home/cloliveira/Final_Project/RBE4540FinalProjectGroup1/project_ws/install/pcl/lib'
[0.539s] Level 1:colcon.colcon_core.environment:checking '/home/cloliveira/Final_Project/RBE4540FinalProjectGroup1/project_ws/install/pcl/bin'
[0.539s] Level 1:colcon.colcon_core.environment:checking '/home/cloliveira/Final_Project/RBE4540FinalProjectGroup1/project_ws/install/pcl/lib/pkgconfig/pcl.pc'
[0.539s] Level 1:colcon.colcon_core.environment:checking '/home/cloliveira/Final_Project/RBE4540FinalProjectGroup1/project_ws/install/pcl/lib/python3.10/site-packages'
[0.539s] Level 1:colcon.colcon_core.environment:checking '/home/cloliveira/Final_Project/RBE4540FinalProjectGroup1/project_ws/install/pcl/bin'
[0.540s] INFO:colcon.colcon_core.shell:Creating package script '/home/cloliveira/Final_Project/RBE4540FinalProjectGroup1/project_ws/install/pcl/share/pcl/package.ps1'
[0.540s] INFO:colcon.colcon_core.shell:Creating package descriptor '/home/cloliveira/Final_Project/RBE4540FinalProjectGroup1/project_ws/install/pcl/share/pcl/package.dsv'
[0.540s] INFO:colcon.colcon_core.shell:Creating package script '/home/cloliveira/Final_Project/RBE4540FinalProjectGroup1/project_ws/install/pcl/share/pcl/package.sh'
[0.540s] INFO:colcon.colcon_core.shell:Creating package script '/home/cloliveira/Final_Project/RBE4540FinalProjectGroup1/project_ws/install/pcl/share/pcl/package.bash'
[0.541s] INFO:colcon.colcon_core.shell:Creating package script '/home/cloliveira/Final_Project/RBE4540FinalProjectGroup1/project_ws/install/pcl/share/pcl/package.zsh'
[0.541s] Level 1:colcon.colcon_core.environment:create_file_with_runtime_dependencies(/home/cloliveira/Final_Project/RBE4540FinalProjectGroup1/project_ws/install/pcl/share/colcon-core/packages/pcl)
[0.541s] DEBUG:colcon.colcon_parallel_executor.executor.parallel:closing loop
[0.541s] DEBUG:colcon.colcon_parallel_executor.executor.parallel:loop closed
[0.541s] DEBUG:colcon.colcon_parallel_executor.executor.parallel:run_until_complete finished with '0'
[0.541s] DEBUG:colcon.colcon_core.event_reactor:joining thread
[0.546s] INFO:colcon.colcon_core.plugin_system:Skipping extension 'colcon_notification.desktop_notification.terminal_notifier': Not used on non-Darwin systems
[0.547s] INFO:colcon.colcon_core.plugin_system:Skipping extension 'colcon_notification.desktop_notification.win32': Not used on non-Windows systems
[0.547s] INFO:colcon.colcon_notification.desktop_notification:Sending desktop notification using 'notify2'
[0.564s] DEBUG:colcon.colcon_core.event_reactor:joined thread
[0.564s] INFO:colcon.colcon_core.shell:Creating prefix script '/home/cloliveira/Final_Project/RBE4540FinalProjectGroup1/project_ws/install/local_setup.ps1'
[0.565s] INFO:colcon.colcon_core.shell:Creating prefix util module '/home/cloliveira/Final_Project/RBE4540FinalProjectGroup1/project_ws/install/_local_setup_util_ps1.py'
[0.566s] INFO:colcon.colcon_core.shell:Creating prefix chain script '/home/cloliveira/Final_Project/RBE4540FinalProjectGroup1/project_ws/install/setup.ps1'
[0.566s] INFO:colcon.colcon_core.shell:Creating prefix script '/home/cloliveira/Final_Project/RBE4540FinalProjectGroup1/project_ws/install/local_setup.sh'
[0.567s] INFO:colcon.colcon_core.shell:Creating prefix util module '/home/cloliveira/Final_Project/RBE4540FinalProjectGroup1/project_ws/install/_local_setup_util_sh.py'
[0.567s] INFO:colcon.colcon_core.shell:Creating prefix chain script '/home/cloliveira/Final_Project/RBE4540FinalProjectGroup1/project_ws/install/setup.sh'
[0.568s] INFO:colcon.colcon_core.shell:Creating prefix script '/home/cloliveira/Final_Project/RBE4540FinalProjectGroup1/project_ws/install/local_setup.bash'
[0.568s] INFO:colcon.colcon_core.shell:Creating prefix chain script '/home/cloliveira/Final_Project/RBE4540FinalProjectGroup1/project_ws/install/setup.bash'
[0.569s] INFO:colcon.colcon_core.shell:Creating prefix script '/home/cloliveira/Final_Project/RBE4540FinalProjectGroup1/project_ws/install/local_setup.zsh'
[0.569s] INFO:colcon.colcon_core.shell:Creating prefix chain script '/home/cloliveira/Final_Project/RBE4540FinalProjectGroup1/project_ws/install/setup.zsh'
