[0.013s] Invoking command in '/home/theo/Documents/RBE4540FinalProjectGroup1/project_ws/build/pcl': CMAKE_PREFIX_PATH=${CMAKE_PREFIX_PATH}:/opt/ros/humble /usr/bin/cmake /home/theo/Documents/RBE4540FinalProjectGroup1/project_ws/src/pcl -DCMAKE_INSTALL_PREFIX=/home/theo/Documents/RBE4540FinalProjectGroup1/project_ws/install/pcl
[0.069s] -- The C compiler identification is GNU 11.4.0
[0.125s] -- The CXX compiler identification is GNU 11.4.0
[0.135s] -- Detecting C compiler ABI info
[0.207s] -- Detecting C compiler ABI info - done
[0.214s] -- Check for working C compiler: /usr/bin/cc - skipped
[0.214s] -- Detecting C compile features
[0.215s] -- Detecting C compile features - done
[0.219s] -- Detecting CXX compiler ABI info
[0.299s] -- Detecting CXX compiler ABI info - done
[0.307s] -- Check for working CXX compiler: /usr/bin/c++ - skipped
[0.307s] -- Detecting CXX compile features
[0.307s] -- Detecting CXX compile features - done
[0.309s] -- Found ament_cmake: 1.3.12 (/opt/ros/humble/share/ament_cmake/cmake)
[0.456s] -- Found Python3: /usr/bin/python3 (found version "3.10.12") found components: Interpreter 
[0.561s] -- Checking for module 'eigen3'
[0.573s] --   Found eigen3, version 3.4.0
[0.604s] -- Found Eigen: /usr/include/eigen3 (Required is at least version "3.1") 
[0.604s] -- Eigen found (include: /usr/include/eigen3, version: 3.4.0)
[0.628s] -- Found Boost: /usr/lib/x86_64-linux-gnu/cmake/Boost-1.74.0/BoostConfig.cmake (found suitable version "1.74.0", minimum required is "1.65.0") found components: system filesystem date_time iostreams serialization 
[0.644s] -- Checking for module 'flann'
[0.659s] --   Found flann, version 1.9.1
[0.706s] -- Found FLANN: /usr/lib/x86_64-linux-gnu/libflann_cpp.so  
[0.706s] -- FLANN found (include: /usr/include, lib: /usr/lib/x86_64-linux-gnu/libflann_cpp.so)
[0.751s] -- Looking for pthread.h
[0.827s] -- Looking for pthread.h - found
[0.828s] -- Performing Test CMAKE_HAVE_LIBC_PTHREAD
[0.900s] -- Performing Test CMAKE_HAVE_LIBC_PTHREAD - Success
[0.901s] -- Found Threads: TRUE  
[0.902s] -- Found GLEW: /usr/lib/x86_64-linux-gnu/libGLEW.so  
[0.907s] -- Found OpenGL: /usr/lib/x86_64-linux-gnu/libOpenGL.so  found components: OpenGL GLX 
[1.036s] -- Found MPI_C: /usr/lib/x86_64-linux-gnu/libmpi.so (found version "3.1") 
[1.036s] -- Found MPI: TRUE (found version "3.1") found components: C 
[1.038s] -- Found JsonCpp: /usr/lib/x86_64-linux-gnu/libjsoncpp.so (found suitable version "1.9.5", minimum required is "0.7.0") 
[1.047s] -- Found ZLIB: /usr/lib/x86_64-linux-gnu/libz.so (found version "1.2.11") 
[1.062s] -- Found PNG: /usr/lib/x86_64-linux-gnu/libpng.so (found version "1.6.37") 
[1.073s] -- Found Eigen3: /usr/include/eigen3 (found version "3.4.0") 
[1.153s] -- Found X11: /usr/include   
[1.153s] -- Looking for XOpenDisplay in /usr/lib/x86_64-linux-gnu/libX11.so;/usr/lib/x86_64-linux-gnu/libXext.so
[1.221s] -- Looking for XOpenDisplay in /usr/lib/x86_64-linux-gnu/libX11.so;/usr/lib/x86_64-linux-gnu/libXext.so - found
[1.221s] -- Looking for gethostbyname
[1.287s] -- Looking for gethostbyname - found
[1.287s] -- Looking for connect
[1.354s] -- Looking for connect - found
[1.354s] -- Looking for remove
[1.420s] -- Looking for remove - found
[1.420s] -- Looking for shmat
[1.484s] -- Looking for shmat - found
[1.485s] -- Looking for IceConnectionNumber in ICE
[1.551s] -- Looking for IceConnectionNumber in ICE - found
[1.624s] -- Found EXPAT: /usr/lib/x86_64-linux-gnu/libexpat.so (found version "2.4.7") 
[1.626s] -- Found double-conversion: /usr/lib/x86_64-linux-gnu/libdouble-conversion.so  
[1.629s] -- Found LZ4: /usr/lib/x86_64-linux-gnu/liblz4.so (found version "1.9.3") 
[1.631s] -- Found LZMA: /usr/lib/x86_64-linux-gnu/liblzma.so (found version "5.2.5") 
[1.643s] -- Found JPEG: /usr/lib/x86_64-linux-gnu/libjpeg.so (found version "80") 
[1.649s] -- Found TIFF: /usr/lib/x86_64-linux-gnu/libtiff.so (found version "4.3.0")  
[1.656s] -- Found Freetype: /usr/lib/x86_64-linux-gnu/libfreetype.so (found version "2.11.1") 
[1.661s] -- Found utf8cpp: /usr/include/utf8cpp  
[1.741s] -- Checking for module 'libusb-1.0'
[1.755s] --   Found libusb-1.0, version 1.0.25
[1.788s] -- Found libusb: /usr/lib/x86_64-linux-gnu/libusb-1.0.so  
[1.789s] -- Found OpenNI: /usr/lib/libOpenNI.so;libusb::libusb (found version "1.5.4.0") 
[1.789s] -- OpenNI found (version: 1.5.4.0, include: /usr/include/ni, lib: /usr/lib/libOpenNI.so;libusb::libusb)
[1.840s] -- Found OpenNI2: /usr/lib/x86_64-linux-gnu/libOpenNI2.so;libusb::libusb (found version "2.2.0.33") 
[1.840s] -- OpenNI2 found (version: 2.2.0.33, include: /usr/include/openni2, lib: /usr/lib/x86_64-linux-gnu/libOpenNI2.so;libusb::libusb)
[1.840s] [0m** WARNING ** io features related to pcap will be disabled[0m
[1.984s] -- Eigen found (include: /usr/include/eigen3, version: 3.4.0)
[1.990s] -- OpenNI found (version: 1.5.4.0, include: /usr/include/ni, lib: /usr/lib/libOpenNI.so;libusb::libusb)
[1.996s] -- OpenNI2 found (version: 2.2.0.33, include: /usr/include/openni2, lib: /usr/lib/x86_64-linux-gnu/libOpenNI2.so;libusb::libusb)
[2.131s] -- Found Qhull version 8.0.2
[2.270s] -- OpenNI found (version: 1.5.4.0, include: /usr/include/ni, lib: /usr/lib/libOpenNI.so;libusb::libusb)
[2.403s] -- looking for PCL_COMMON
[2.404s] -- Found PCL_COMMON: /usr/lib/x86_64-linux-gnu/libpcl_common.so  
[2.404s] -- looking for PCL_KDTREE
[2.405s] -- Found PCL_KDTREE: /usr/lib/x86_64-linux-gnu/libpcl_kdtree.so  
[2.405s] -- looking for PCL_OCTREE
[2.406s] -- Found PCL_OCTREE: /usr/lib/x86_64-linux-gnu/libpcl_octree.so  
[2.406s] -- looking for PCL_SEARCH
[2.407s] -- Found PCL_SEARCH: /usr/lib/x86_64-linux-gnu/libpcl_search.so  
[2.407s] -- looking for PCL_SAMPLE_CONSENSUS
[2.408s] -- Found PCL_SAMPLE_CONSENSUS: /usr/lib/x86_64-linux-gnu/libpcl_sample_consensus.so  
[2.408s] -- looking for PCL_FILTERS
[2.409s] -- Found PCL_FILTERS: /usr/lib/x86_64-linux-gnu/libpcl_filters.so  
[2.409s] -- looking for PCL_2D
[2.409s] -- Found PCL_2D: /usr/include/pcl-1.12  
[2.409s] -- looking for PCL_GEOMETRY
[2.410s] -- Found PCL_GEOMETRY: /usr/include/pcl-1.12  
[2.410s] -- looking for PCL_IO
[2.411s] -- Found PCL_IO: /usr/lib/x86_64-linux-gnu/libpcl_io.so  
[2.411s] -- looking for PCL_FEATURES
[2.411s] -- Found PCL_FEATURES: /usr/lib/x86_64-linux-gnu/libpcl_features.so  
[2.412s] -- looking for PCL_ML
[2.413s] -- Found PCL_ML: /usr/lib/x86_64-linux-gnu/libpcl_ml.so  
[2.413s] -- looking for PCL_SEGMENTATION
[2.414s] -- Found PCL_SEGMENTATION: /usr/lib/x86_64-linux-gnu/libpcl_segmentation.so  
[2.414s] -- looking for PCL_VISUALIZATION
[2.415s] -- Found PCL_VISUALIZATION: /usr/lib/x86_64-linux-gnu/libpcl_visualization.so  
[2.415s] -- looking for PCL_SURFACE
[2.416s] -- Found PCL_SURFACE: /usr/lib/x86_64-linux-gnu/libpcl_surface.so  
[2.416s] -- looking for PCL_REGISTRATION
[2.417s] -- Found PCL_REGISTRATION: /usr/lib/x86_64-linux-gnu/libpcl_registration.so  
[2.417s] -- looking for PCL_KEYPOINTS
[2.418s] -- Found PCL_KEYPOINTS: /usr/lib/x86_64-linux-gnu/libpcl_keypoints.so  
[2.418s] -- looking for PCL_TRACKING
[2.419s] -- Found PCL_TRACKING: /usr/lib/x86_64-linux-gnu/libpcl_tracking.so  
[2.419s] -- looking for PCL_RECOGNITION
[2.420s] -- Found PCL_RECOGNITION: /usr/lib/x86_64-linux-gnu/libpcl_recognition.so  
[2.420s] -- looking for PCL_STEREO
[2.421s] -- Found PCL_STEREO: /usr/lib/x86_64-linux-gnu/libpcl_stereo.so  
[2.421s] -- looking for PCL_APPS
[2.422s] -- Found PCL_APPS: /usr/lib/x86_64-linux-gnu/libpcl_apps.so  
[2.422s] -- looking for PCL_IN_HAND_SCANNER
[2.423s] -- Found PCL_IN_HAND_SCANNER: /usr/include/pcl-1.12  
[2.423s] -- looking for PCL_MODELER
[2.423s] -- Found PCL_MODELER: /usr/include/pcl-1.12  
[2.423s] -- looking for PCL_POINT_CLOUD_EDITOR
[2.424s] -- Found PCL_POINT_CLOUD_EDITOR: /usr/include/pcl-1.12  
[2.424s] -- looking for PCL_OUTOFCORE
[2.425s] -- Found PCL_OUTOFCORE: /usr/lib/x86_64-linux-gnu/libpcl_outofcore.so  
[2.425s] -- looking for PCL_PEOPLE
[2.426s] -- Found PCL_PEOPLE: /usr/lib/x86_64-linux-gnu/libpcl_people.so  
[2.426s] -- Found PCL: pcl_common;pcl_kdtree;pcl_octree;pcl_search;pcl_sample_consensus;pcl_filters;pcl_io;pcl_features;pcl_ml;pcl_segmentation;pcl_visualization;pcl_surface;pcl_registration;pcl_keypoints;pcl_tracking;pcl_recognition;pcl_stereo;pcl_apps;pcl_outofcore;pcl_people;Boost::system;Boost::filesystem;Boost::date_time;Boost::iostreams;Boost::serialization;/usr/lib/libOpenNI.so;libusb::libusb;/usr/lib/x86_64-linux-gnu/libOpenNI2.so;libusb::libusb;VTK::ChartsCore;VTK::CommonColor;VTK::CommonComputationalGeometry;VTK::CommonCore;VTK::CommonDataModel;VTK::CommonExecutionModel;VTK::CommonMath;VTK::CommonMisc;VTK::CommonTransforms;VTK::FiltersCore;VTK::FiltersExtraction;VTK::FiltersGeneral;VTK::FiltersGeometry;VTK::FiltersModeling;VTK::FiltersSources;VTK::ImagingCore;VTK::ImagingSources;VTK::InteractionImage;VTK::InteractionStyle;VTK::InteractionWidgets;VTK::IOCore;VTK::IOGeometry;VTK::IOImage;VTK::IOLegacy;VTK::IOPLY;VTK::RenderingAnnotation;VTK::RenderingCore;VTK::RenderingContext2D;VTK::RenderingLOD;VTK::RenderingFreeType;VTK::ViewsCore;VTK::ViewsContext2D;VTK::RenderingOpenGL2;VTK::GUISupportQt;FLANN::FLANN;QHULL::QHULL  
[2.428s] -- Found rclcpp: 16.0.15 (/opt/ros/humble/share/rclcpp/cmake)
[2.462s] -- Found rosidl_generator_c: 3.1.7 (/opt/ros/humble/share/rosidl_generator_c/cmake)
[2.466s] -- Found rosidl_adapter: 3.1.7 (/opt/ros/humble/share/rosidl_adapter/cmake)
[2.474s] -- Found rosidl_generator_cpp: 3.1.7 (/opt/ros/humble/share/rosidl_generator_cpp/cmake)
[2.485s] -- Using all available rosidl_typesupport_c: rosidl_typesupport_fastrtps_c;rosidl_typesupport_introspection_c
[2.501s] -- Using all available rosidl_typesupport_cpp: rosidl_typesupport_fastrtps_cpp;rosidl_typesupport_introspection_cpp
[2.544s] -- Found rmw_implementation_cmake: 6.1.2 (/opt/ros/humble/share/rmw_implementation_cmake/cmake)
[2.546s] -- Found rmw_fastrtps_cpp: 6.2.8 (/opt/ros/humble/share/rmw_fastrtps_cpp/cmake)
[2.637s] -- Found OpenSSL: /usr/lib/x86_64-linux-gnu/libcrypto.so (found version "3.0.2")  
[2.662s] -- Found FastRTPS: /opt/ros/humble/include  
[2.703s] -- Using RMW implementation 'rmw_fastrtps_cpp' as default
[2.763s] -- Found rclpy: 3.3.17 (/opt/ros/humble/share/rclpy/cmake)
[2.765s] -- Found sensor_msgs: 4.9.0 (/opt/ros/humble/share/sensor_msgs/cmake)
[2.797s] -- Found pcl_conversions: 2.4.5 (/opt/ros/humble/share/pcl_conversions/cmake)
[2.824s] -- Found tf2_ros: 0.25.16 (/opt/ros/humble/share/tf2_ros/cmake)
[2.922s] -- Found tf2_geometry_msgs: 0.25.16 (/opt/ros/humble/share/tf2_geometry_msgs/cmake)
[2.935s] -- Found eigen3_cmake_module: 0.1.1 (/opt/ros/humble/share/eigen3_cmake_module/cmake)
[2.936s] -- Found Eigen3: TRUE (found version "3.4.0") 
[2.936s] -- Ensuring Eigen3 include directory is part of orocos-kdl CMake target
[2.939s] -- Found tf2_py: 0.25.16 (/opt/ros/humble/share/tf2_py/cmake)
[2.940s] -- Found tf2_eigen: 0.25.16 (/opt/ros/humble/share/tf2_eigen/cmake)
[3.031s] -- Found ament_lint_auto: 0.12.14 (/opt/ros/humble/share/ament_lint_auto/cmake)
[3.109s] -- Added test 'copyright' to check source files copyright and LICENSE
[3.110s] -- Added test 'cppcheck' to perform static code analysis on C / C++ code
[3.113s] -- Configured cppcheck include dirs: /home/theo/Documents/RBE4540FinalProjectGroup1/project_ws/src/pcl/include
[3.113s] -- Configured cppcheck exclude dirs and/or files: 
[3.113s] -- Added test 'flake8' to check Python code syntax and style conventions
[3.114s] -- Added test 'lint_cmake' to check CMake code style
[3.114s] -- Added test 'pep257' to check Python code against some of the docstring style conventions in PEP 257
[3.115s] -- Added test 'uncrustify' to check C / C++ code style
[3.115s] -- Configured uncrustify additional arguments: 
[3.116s] -- Added test 'xmllint' to check XML markup files
[3.117s] -- Configuring done
[3.213s] -- Generating done
[3.228s] -- Build files have been written to: /home/theo/Documents/RBE4540FinalProjectGroup1/project_ws/build/pcl
[3.246s] Invoked command in '/home/theo/Documents/RBE4540FinalProjectGroup1/project_ws/build/pcl' returned '0': CMAKE_PREFIX_PATH=${CMAKE_PREFIX_PATH}:/opt/ros/humble /usr/bin/cmake /home/theo/Documents/RBE4540FinalProjectGroup1/project_ws/src/pcl -DCMAKE_INSTALL_PREFIX=/home/theo/Documents/RBE4540FinalProjectGroup1/project_ws/install/pcl
[3.249s] Invoking command in '/home/theo/Documents/RBE4540FinalProjectGroup1/project_ws/build/pcl': CMAKE_PREFIX_PATH=${CMAKE_PREFIX_PATH}:/opt/ros/humble /usr/bin/cmake --build /home/theo/Documents/RBE4540FinalProjectGroup1/project_ws/build/pcl -- -j4 -l4
[3.305s] [ 50%] [32mBuilding CXX object CMakeFiles/transform_pointcloud.dir/src/transform_pointcloud.cpp.o[0m
[3.311s] [ 50%] Built target ament_cmake_python_copy_pcl
[3.573s] running egg_info
[3.573s] creating pcl.egg-info
[3.574s] writing pcl.egg-info/PKG-INFO
[3.574s] writing dependency_links to pcl.egg-info/dependency_links.txt
[3.574s] writing top-level names to pcl.egg-info/top_level.txt
[3.574s] writing manifest file 'pcl.egg-info/SOURCES.txt'
[3.576s] reading manifest file 'pcl.egg-info/SOURCES.txt'
[3.577s] writing manifest file 'pcl.egg-info/SOURCES.txt'
[3.606s] [ 50%] Built target ament_cmake_python_build_pcl_egg
[17.553s] [100%] [32m[1mLinking CXX executable transform_pointcloud[0m
[18.897s] [100%] Built target transform_pointcloud
[18.908s] Invoked command in '/home/theo/Documents/RBE4540FinalProjectGroup1/project_ws/build/pcl' returned '0': CMAKE_PREFIX_PATH=${CMAKE_PREFIX_PATH}:/opt/ros/humble /usr/bin/cmake --build /home/theo/Documents/RBE4540FinalProjectGroup1/project_ws/build/pcl -- -j4 -l4
[18.910s] Invoking command in '/home/theo/Documents/RBE4540FinalProjectGroup1/project_ws/build/pcl': CMAKE_PREFIX_PATH=${CMAKE_PREFIX_PATH}:/opt/ros/humble /usr/bin/cmake --install /home/theo/Documents/RBE4540FinalProjectGroup1/project_ws/build/pcl
[18.917s] -- Install configuration: ""
[18.917s] -- Installing: /home/theo/Documents/RBE4540FinalProjectGroup1/project_ws/install/pcl/lib/pcl/transform_pointcloud
[18.921s] -- Set runtime path of "/home/theo/Documents/RBE4540FinalProjectGroup1/project_ws/install/pcl/lib/pcl/transform_pointcloud" to ""
[18.921s] -- Installing: /home/theo/Documents/RBE4540FinalProjectGroup1/project_ws/install/pcl/share/pcl/environment/pythonpath.sh
[18.921s] -- Installing: /home/theo/Documents/RBE4540FinalProjectGroup1/project_ws/install/pcl/share/pcl/environment/pythonpath.dsv
[18.922s] -- Installing: /home/theo/Documents/RBE4540FinalProjectGroup1/project_ws/install/pcl/local/lib/python3.10/dist-packages/pcl-0.0.0-py3.10.egg-info
[18.922s] -- Installing: /home/theo/Documents/RBE4540FinalProjectGroup1/project_ws/install/pcl/local/lib/python3.10/dist-packages/pcl-0.0.0-py3.10.egg-info/SOURCES.txt
[18.922s] -- Installing: /home/theo/Documents/RBE4540FinalProjectGroup1/project_ws/install/pcl/local/lib/python3.10/dist-packages/pcl-0.0.0-py3.10.egg-info/PKG-INFO
[18.922s] -- Installing: /home/theo/Documents/RBE4540FinalProjectGroup1/project_ws/install/pcl/local/lib/python3.10/dist-packages/pcl-0.0.0-py3.10.egg-info/dependency_links.txt
[18.922s] -- Installing: /home/theo/Documents/RBE4540FinalProjectGroup1/project_ws/install/pcl/local/lib/python3.10/dist-packages/pcl-0.0.0-py3.10.egg-info/top_level.txt
[18.922s] -- Installing: /home/theo/Documents/RBE4540FinalProjectGroup1/project_ws/install/pcl/local/lib/python3.10/dist-packages/pcl
[18.922s] -- Installing: /home/theo/Documents/RBE4540FinalProjectGroup1/project_ws/install/pcl/local/lib/python3.10/dist-packages/pcl/__init__.py
[18.951s] Listing '/home/theo/Documents/RBE4540FinalProjectGroup1/project_ws/install/pcl/local/lib/python3.10/dist-packages/pcl'...
[18.951s] Compiling '/home/theo/Documents/RBE4540FinalProjectGroup1/project_ws/install/pcl/local/lib/python3.10/dist-packages/pcl/__init__.py'...
[18.956s] -- Installing: /home/theo/Documents/RBE4540FinalProjectGroup1/project_ws/install/pcl/share/ament_index/resource_index/package_run_dependencies/pcl
[18.956s] -- Installing: /home/theo/Documents/RBE4540FinalProjectGroup1/project_ws/install/pcl/share/ament_index/resource_index/parent_prefix_path/pcl
[18.956s] -- Installing: /home/theo/Documents/RBE4540FinalProjectGroup1/project_ws/install/pcl/share/pcl/environment/ament_prefix_path.sh
[18.956s] -- Installing: /home/theo/Documents/RBE4540FinalProjectGroup1/project_ws/install/pcl/share/pcl/environment/ament_prefix_path.dsv
[18.956s] -- Installing: /home/theo/Documents/RBE4540FinalProjectGroup1/project_ws/install/pcl/share/pcl/environment/path.sh
[18.956s] -- Installing: /home/theo/Documents/RBE4540FinalProjectGroup1/project_ws/install/pcl/share/pcl/environment/path.dsv
[18.957s] -- Installing: /home/theo/Documents/RBE4540FinalProjectGroup1/project_ws/install/pcl/share/pcl/local_setup.bash
[18.957s] -- Installing: /home/theo/Documents/RBE4540FinalProjectGroup1/project_ws/install/pcl/share/pcl/local_setup.sh
[18.957s] -- Installing: /home/theo/Documents/RBE4540FinalProjectGroup1/project_ws/install/pcl/share/pcl/local_setup.zsh
[18.957s] -- Installing: /home/theo/Documents/RBE4540FinalProjectGroup1/project_ws/install/pcl/share/pcl/local_setup.dsv
[18.957s] -- Installing: /home/theo/Documents/RBE4540FinalProjectGroup1/project_ws/install/pcl/share/pcl/package.dsv
[18.957s] -- Installing: /home/theo/Documents/RBE4540FinalProjectGroup1/project_ws/install/pcl/share/ament_index/resource_index/packages/pcl
[18.958s] -- Installing: /home/theo/Documents/RBE4540FinalProjectGroup1/project_ws/install/pcl/share/pcl/cmake/pclConfig.cmake
[18.958s] -- Installing: /home/theo/Documents/RBE4540FinalProjectGroup1/project_ws/install/pcl/share/pcl/cmake/pclConfig-version.cmake
[18.958s] -- Installing: /home/theo/Documents/RBE4540FinalProjectGroup1/project_ws/install/pcl/share/pcl/package.xml
[18.960s] Invoked command in '/home/theo/Documents/RBE4540FinalProjectGroup1/project_ws/build/pcl' returned '0': CMAKE_PREFIX_PATH=${CMAKE_PREFIX_PATH}:/opt/ros/humble /usr/bin/cmake --install /home/theo/Documents/RBE4540FinalProjectGroup1/project_ws/build/pcl
