[0.106s] DEBUG:colcon:Command line arguments: ['/usr/bin/colcon', 'build']
[0.106s] DEBUG:colcon:Parsed command line arguments: Namespace(log_base=None, log_level=None, verb_name='build', build_base='build', install_base='install', merge_install=False, symlink_install=False, test_result_base=None, continue_on_error=False, executor='parallel', parallel_workers=4, event_handlers=None, ignore_user_meta=False, metas=['./colcon.meta'], base_paths=['.'], packages_ignore=None, packages_ignore_regex=None, paths=None, packages_up_to=None, packages_up_to_regex=None, packages_above=None, packages_above_and_dependencies=None, packages_above_depth=None, packages_select_by_dep=None, packages_skip_by_dep=None, packages_skip_up_to=None, packages_select_build_failed=False, packages_skip_build_finished=False, packages_select_test_failures=False, packages_skip_test_passed=False, packages_select=None, packages_skip=None, packages_select_regex=None, packages_skip_regex=None, packages_start=None, packages_end=None, allow_overriding=[], cmake_args=None, cmake_target=None, cmake_target_skip_unavailable=False, cmake_clean_cache=False, cmake_clean_first=False, cmake_force_configure=False, ament_cmake_args=None, catkin_cmake_args=None, catkin_skip_building_tests=False, mixin_files=None, mixin=None, verb_parser=<colcon_mixin.mixin.mixin_argument.MixinArgumentDecorator object at 0x75c76ba62050>, verb_extension=<colcon_core.verb.build.BuildVerb object at 0x75c76bb76fb0>, main=<bound method BuildVerb.main of <colcon_core.verb.build.BuildVerb object at 0x75c76bb76fb0>>, mixin_verb=('build',))
[0.269s] Level 1:colcon.colcon_core.package_discovery:discover_packages(colcon_meta) check parameters
[0.269s] Level 1:colcon.colcon_core.package_discovery:discover_packages(recursive) check parameters
[0.269s] Level 1:colcon.colcon_core.package_discovery:discover_packages(ignore) check parameters
[0.269s] Level 1:colcon.colcon_core.package_discovery:discover_packages(path) check parameters
[0.270s] Level 1:colcon.colcon_core.package_discovery:discover_packages(colcon_meta) discover
[0.270s] Level 1:colcon.colcon_core.package_discovery:discover_packages(recursive) discover
[0.270s] INFO:colcon.colcon_core.package_discovery:Crawling recursively for packages in '/home/theo/Documents/RBE4540FinalProjectGroup1/project_ws'
[0.270s] Level 1:colcon.colcon_core.package_identification:_identify(.) by extensions ['ignore', 'ignore_ament_install']
[0.270s] Level 1:colcon.colcon_core.package_identification:_identify(.) by extension 'ignore'
[0.270s] Level 1:colcon.colcon_core.package_identification:_identify(.) by extension 'ignore_ament_install'
[0.270s] Level 1:colcon.colcon_core.package_identification:_identify(.) by extensions ['colcon_pkg']
[0.270s] Level 1:colcon.colcon_core.package_identification:_identify(.) by extension 'colcon_pkg'
[0.270s] Level 1:colcon.colcon_core.package_identification:_identify(.) by extensions ['colcon_meta']
[0.270s] Level 1:colcon.colcon_core.package_identification:_identify(.) by extension 'colcon_meta'
[0.270s] Level 1:colcon.colcon_core.package_identification:_identify(.) by extensions ['ros']
[0.270s] Level 1:colcon.colcon_core.package_identification:_identify(.) by extension 'ros'
[0.280s] Level 1:colcon.colcon_core.package_identification:_identify(.) by extensions ['cmake', 'python']
[0.280s] Level 1:colcon.colcon_core.package_identification:_identify(.) by extension 'cmake'
[0.280s] Level 1:colcon.colcon_core.package_identification:_identify(.) by extension 'python'
[0.280s] Level 1:colcon.colcon_core.package_identification:_identify(.) by extensions ['python_setup_py']
[0.280s] Level 1:colcon.colcon_core.package_identification:_identify(.) by extension 'python_setup_py'
[0.281s] Level 1:colcon.colcon_core.package_identification:_identify(build) by extensions ['ignore', 'ignore_ament_install']
[0.281s] Level 1:colcon.colcon_core.package_identification:_identify(build) by extension 'ignore'
[0.281s] Level 1:colcon.colcon_core.package_identification:_identify(build) ignored
[0.281s] Level 1:colcon.colcon_core.package_identification:_identify(install) by extensions ['ignore', 'ignore_ament_install']
[0.281s] Level 1:colcon.colcon_core.package_identification:_identify(install) by extension 'ignore'
[0.281s] Level 1:colcon.colcon_core.package_identification:_identify(install) ignored
[0.281s] Level 1:colcon.colcon_core.package_identification:_identify(log) by extensions ['ignore', 'ignore_ament_install']
[0.281s] Level 1:colcon.colcon_core.package_identification:_identify(log) by extension 'ignore'
[0.281s] Level 1:colcon.colcon_core.package_identification:_identify(log) ignored
[0.281s] Level 1:colcon.colcon_core.package_identification:_identify(src) by extensions ['ignore', 'ignore_ament_install']
[0.281s] Level 1:colcon.colcon_core.package_identification:_identify(src) by extension 'ignore'
[0.281s] Level 1:colcon.colcon_core.package_identification:_identify(src) by extension 'ignore_ament_install'
[0.281s] Level 1:colcon.colcon_core.package_identification:_identify(src) by extensions ['colcon_pkg']
[0.281s] Level 1:colcon.colcon_core.package_identification:_identify(src) by extension 'colcon_pkg'
[0.281s] Level 1:colcon.colcon_core.package_identification:_identify(src) by extensions ['colcon_meta']
[0.281s] Level 1:colcon.colcon_core.package_identification:_identify(src) by extension 'colcon_meta'
[0.281s] Level 1:colcon.colcon_core.package_identification:_identify(src) by extensions ['ros']
[0.281s] Level 1:colcon.colcon_core.package_identification:_identify(src) by extension 'ros'
[0.282s] Level 1:colcon.colcon_core.package_identification:_identify(src) by extensions ['cmake', 'python']
[0.282s] Level 1:colcon.colcon_core.package_identification:_identify(src) by extension 'cmake'
[0.282s] Level 1:colcon.colcon_core.package_identification:_identify(src) by extension 'python'
[0.282s] Level 1:colcon.colcon_core.package_identification:_identify(src) by extensions ['python_setup_py']
[0.282s] Level 1:colcon.colcon_core.package_identification:_identify(src) by extension 'python_setup_py'
[0.282s] Level 1:colcon.colcon_core.package_identification:_identify(src/pcl) by extensions ['ignore', 'ignore_ament_install']
[0.282s] Level 1:colcon.colcon_core.package_identification:_identify(src/pcl) by extension 'ignore'
[0.282s] Level 1:colcon.colcon_core.package_identification:_identify(src/pcl) by extension 'ignore_ament_install'
[0.282s] Level 1:colcon.colcon_core.package_identification:_identify(src/pcl) by extensions ['colcon_pkg']
[0.282s] Level 1:colcon.colcon_core.package_identification:_identify(src/pcl) by extension 'colcon_pkg'
[0.282s] Level 1:colcon.colcon_core.package_identification:_identify(src/pcl) by extensions ['colcon_meta']
[0.282s] Level 1:colcon.colcon_core.package_identification:_identify(src/pcl) by extension 'colcon_meta'
[0.282s] Level 1:colcon.colcon_core.package_identification:_identify(src/pcl) by extensions ['ros']
[0.282s] Level 1:colcon.colcon_core.package_identification:_identify(src/pcl) by extension 'ros'
[0.285s] DEBUG:colcon.colcon_core.package_identification:Package 'src/pcl' with type 'ros.ament_cmake' and name 'pcl'
[0.285s] Level 1:colcon.colcon_core.package_identification:_identify(src/vbm_project_env) by extensions ['ignore', 'ignore_ament_install']
[0.285s] Level 1:colcon.colcon_core.package_identification:_identify(src/vbm_project_env) by extension 'ignore'
[0.285s] Level 1:colcon.colcon_core.package_identification:_identify(src/vbm_project_env) by extension 'ignore_ament_install'
[0.285s] Level 1:colcon.colcon_core.package_identification:_identify(src/vbm_project_env) by extensions ['colcon_pkg']
[0.285s] Level 1:colcon.colcon_core.package_identification:_identify(src/vbm_project_env) by extension 'colcon_pkg'
[0.285s] Level 1:colcon.colcon_core.package_identification:_identify(src/vbm_project_env) by extensions ['colcon_meta']
[0.285s] Level 1:colcon.colcon_core.package_identification:_identify(src/vbm_project_env) by extension 'colcon_meta'
[0.285s] Level 1:colcon.colcon_core.package_identification:_identify(src/vbm_project_env) by extensions ['ros']
[0.285s] Level 1:colcon.colcon_core.package_identification:_identify(src/vbm_project_env) by extension 'ros'
[0.286s] DEBUG:colcon.colcon_core.package_identification:Package 'src/vbm_project_env' with type 'ros.ament_cmake' and name 'vbm_project_env'
[0.286s] Level 1:colcon.colcon_core.package_discovery:discover_packages(recursive) using defaults
[0.286s] Level 1:colcon.colcon_core.package_discovery:discover_packages(ignore) discover
[0.286s] Level 1:colcon.colcon_core.package_discovery:discover_packages(ignore) using defaults
[0.286s] Level 1:colcon.colcon_core.package_discovery:discover_packages(path) discover
[0.286s] Level 1:colcon.colcon_core.package_discovery:discover_packages(path) using defaults
[0.314s] Level 1:colcon.colcon_core.package_discovery:discover_packages(prefix_path) check parameters
[0.314s] Level 1:colcon.colcon_core.package_discovery:discover_packages(prefix_path) discover
[0.315s] WARNING:colcon.colcon_core.prefix_path.colcon:The path '/home/theo/Documents/RBE4540FinalProjectGroup1/install' in the environment variable COLCON_PREFIX_PATH doesn't exist
[0.315s] WARNING:colcon.colcon_ros.prefix_path.ament:The path '/home/theo/Documents/RBE4540FinalProjectGroup1/install/vbm_project_env' in the environment variable AMENT_PREFIX_PATH doesn't exist
[0.315s] WARNING:colcon.colcon_ros.prefix_path.ament:The path '/home/theo/Documents/RBE4540FinalProjectGroup1/install/pcl' in the environment variable AMENT_PREFIX_PATH doesn't exist
[0.315s] WARNING:colcon.colcon_ros.prefix_path.catkin:The path '/home/theo/Documents/RBE4540FinalProjectGroup1/install/vbm_project_env' in the environment variable CMAKE_PREFIX_PATH doesn't exist
[0.315s] WARNING:colcon.colcon_ros.prefix_path.catkin:The path '/home/theo/Documents/RBE4540FinalProjectGroup1/install/pcl' in the environment variable CMAKE_PREFIX_PATH doesn't exist
[0.316s] DEBUG:colcon.colcon_installed_package_information.package_discovery:Found 1 installed packages in /home/theo/Documents/rbe4540-ros/install
[0.317s] DEBUG:colcon.colcon_installed_package_information.package_discovery:Found 342 installed packages in /opt/ros/humble
[0.319s] Level 1:colcon.colcon_core.package_discovery:discover_packages(prefix_path) using defaults
[0.366s] Level 5:colcon.colcon_core.verb:set package 'pcl' build argument 'cmake_args' from command line to 'None'
[0.366s] Level 5:colcon.colcon_core.verb:set package 'pcl' build argument 'cmake_target' from command line to 'None'
[0.366s] Level 5:colcon.colcon_core.verb:set package 'pcl' build argument 'cmake_target_skip_unavailable' from command line to 'False'
[0.366s] Level 5:colcon.colcon_core.verb:set package 'pcl' build argument 'cmake_clean_cache' from command line to 'False'
[0.366s] Level 5:colcon.colcon_core.verb:set package 'pcl' build argument 'cmake_clean_first' from command line to 'False'
[0.366s] Level 5:colcon.colcon_core.verb:set package 'pcl' build argument 'cmake_force_configure' from command line to 'False'
[0.367s] Level 5:colcon.colcon_core.verb:set package 'pcl' build argument 'ament_cmake_args' from command line to 'None'
[0.367s] Level 5:colcon.colcon_core.verb:set package 'pcl' build argument 'catkin_cmake_args' from command line to 'None'
[0.367s] Level 5:colcon.colcon_core.verb:set package 'pcl' build argument 'catkin_skip_building_tests' from command line to 'False'
[0.367s] DEBUG:colcon.colcon_core.verb:Building package 'pcl' with the following arguments: {'ament_cmake_args': None, 'build_base': '/home/theo/Documents/RBE4540FinalProjectGroup1/project_ws/build/pcl', 'catkin_cmake_args': None, 'catkin_skip_building_tests': False, 'cmake_args': None, 'cmake_clean_cache': False, 'cmake_clean_first': False, 'cmake_force_configure': False, 'cmake_target': None, 'cmake_target_skip_unavailable': False, 'install_base': '/home/theo/Documents/RBE4540FinalProjectGroup1/project_ws/install/pcl', 'merge_install': False, 'path': '/home/theo/Documents/RBE4540FinalProjectGroup1/project_ws/src/pcl', 'symlink_install': False, 'test_result_base': None}
[0.367s] Level 5:colcon.colcon_core.verb:set package 'vbm_project_env' build argument 'cmake_args' from command line to 'None'
[0.367s] Level 5:colcon.colcon_core.verb:set package 'vbm_project_env' build argument 'cmake_target' from command line to 'None'
[0.367s] Level 5:colcon.colcon_core.verb:set package 'vbm_project_env' build argument 'cmake_target_skip_unavailable' from command line to 'False'
[0.367s] Level 5:colcon.colcon_core.verb:set package 'vbm_project_env' build argument 'cmake_clean_cache' from command line to 'False'
[0.367s] Level 5:colcon.colcon_core.verb:set package 'vbm_project_env' build argument 'cmake_clean_first' from command line to 'False'
[0.367s] Level 5:colcon.colcon_core.verb:set package 'vbm_project_env' build argument 'cmake_force_configure' from command line to 'False'
[0.367s] Level 5:colcon.colcon_core.verb:set package 'vbm_project_env' build argument 'ament_cmake_args' from command line to 'None'
[0.367s] Level 5:colcon.colcon_core.verb:set package 'vbm_project_env' build argument 'catkin_cmake_args' from command line to 'None'
[0.367s] Level 5:colcon.colcon_core.verb:set package 'vbm_project_env' build argument 'catkin_skip_building_tests' from command line to 'False'
[0.367s] DEBUG:colcon.colcon_core.verb:Building package 'vbm_project_env' with the following arguments: {'ament_cmake_args': None, 'build_base': '/home/theo/Documents/RBE4540FinalProjectGroup1/project_ws/build/vbm_project_env', 'catkin_cmake_args': None, 'catkin_skip_building_tests': False, 'cmake_args': None, 'cmake_clean_cache': False, 'cmake_clean_first': False, 'cmake_force_configure': False, 'cmake_target': None, 'cmake_target_skip_unavailable': False, 'install_base': '/home/theo/Documents/RBE4540FinalProjectGroup1/project_ws/install/vbm_project_env', 'merge_install': False, 'path': '/home/theo/Documents/RBE4540FinalProjectGroup1/project_ws/src/vbm_project_env', 'symlink_install': False, 'test_result_base': None}
[0.367s] INFO:colcon.colcon_core.executor:Executing jobs using 'parallel' executor
[0.368s] DEBUG:colcon.colcon_parallel_executor.executor.parallel:run_until_complete
[0.369s] INFO:colcon.colcon_ros.task.ament_cmake.build:Building ROS package in '/home/theo/Documents/RBE4540FinalProjectGroup1/project_ws/src/pcl' with build type 'ament_cmake'
[0.369s] INFO:colcon.colcon_cmake.task.cmake.build:Building CMake package in '/home/theo/Documents/RBE4540FinalProjectGroup1/project_ws/src/pcl'
[0.370s] INFO:colcon.colcon_core.plugin_system:Skipping extension 'colcon_core.shell.bat': Not used on non-Windows systems
[0.371s] INFO:colcon.colcon_core.shell:Skip shell extension 'powershell' for command environment: Not usable outside of PowerShell
[0.371s] DEBUG:colcon.colcon_core.shell:Skip shell extension 'dsv' for command environment
[0.374s] INFO:colcon.colcon_ros.task.ament_cmake.build:Building ROS package in '/home/theo/Documents/RBE4540FinalProjectGroup1/project_ws/src/vbm_project_env' with build type 'ament_cmake'
[0.375s] INFO:colcon.colcon_cmake.task.cmake.build:Building CMake package in '/home/theo/Documents/RBE4540FinalProjectGroup1/project_ws/src/vbm_project_env'
[0.375s] INFO:colcon.colcon_core.shell:Skip shell extension 'powershell' for command environment: Not usable outside of PowerShell
[0.375s] DEBUG:colcon.colcon_core.shell:Skip shell extension 'dsv' for command environment
[0.383s] DEBUG:colcon.colcon_core.event_handler.log_command:Invoking command in '/home/theo/Documents/RBE4540FinalProjectGroup1/project_ws/build/pcl': CMAKE_PREFIX_PATH=${CMAKE_PREFIX_PATH}:/opt/ros/humble /usr/bin/cmake /home/theo/Documents/RBE4540FinalProjectGroup1/project_ws/src/pcl -DCMAKE_INSTALL_PREFIX=/home/theo/Documents/RBE4540FinalProjectGroup1/project_ws/install/pcl
[0.386s] DEBUG:colcon.colcon_core.event_handler.log_command:Invoking command in '/home/theo/Documents/RBE4540FinalProjectGroup1/project_ws/build/vbm_project_env': CMAKE_PREFIX_PATH=${CMAKE_PREFIX_PATH}:/opt/ros/humble /usr/bin/cmake /home/theo/Documents/RBE4540FinalProjectGroup1/project_ws/src/vbm_project_env -DCMAKE_INSTALL_PREFIX=/home/theo/Documents/RBE4540FinalProjectGroup1/project_ws/install/vbm_project_env
[1.049s] DEBUG:colcon.colcon_core.event_handler.log_command:Invoked command in '/home/theo/Documents/RBE4540FinalProjectGroup1/project_ws/build/vbm_project_env' returned '0': CMAKE_PREFIX_PATH=${CMAKE_PREFIX_PATH}:/opt/ros/humble /usr/bin/cmake /home/theo/Documents/RBE4540FinalProjectGroup1/project_ws/src/vbm_project_env -DCMAKE_INSTALL_PREFIX=/home/theo/Documents/RBE4540FinalProjectGroup1/project_ws/install/vbm_project_env
[1.051s] DEBUG:colcon.colcon_core.event_handler.log_command:Invoking command in '/home/theo/Documents/RBE4540FinalProjectGroup1/project_ws/build/vbm_project_env': CMAKE_PREFIX_PATH=${CMAKE_PREFIX_PATH}:/opt/ros/humble /usr/bin/cmake --build /home/theo/Documents/RBE4540FinalProjectGroup1/project_ws/build/vbm_project_env -- -j4 -l4
[1.089s] DEBUG:colcon.colcon_core.event_handler.log_command:Invoked command in '/home/theo/Documents/RBE4540FinalProjectGroup1/project_ws/build/vbm_project_env' returned '0': CMAKE_PREFIX_PATH=${CMAKE_PREFIX_PATH}:/opt/ros/humble /usr/bin/cmake --build /home/theo/Documents/RBE4540FinalProjectGroup1/project_ws/build/vbm_project_env -- -j4 -l4
[1.100s] DEBUG:colcon.colcon_core.event_handler.log_command:Invoking command in '/home/theo/Documents/RBE4540FinalProjectGroup1/project_ws/build/vbm_project_env': CMAKE_PREFIX_PATH=${CMAKE_PREFIX_PATH}:/opt/ros/humble /usr/bin/cmake --install /home/theo/Documents/RBE4540FinalProjectGroup1/project_ws/build/vbm_project_env
[1.112s] Level 1:colcon.colcon_core.environment:create_environment_scripts_only(vbm_project_env)
[1.113s] DEBUG:colcon.colcon_core.event_handler.log_command:Invoked command in '/home/theo/Documents/RBE4540FinalProjectGroup1/project_ws/build/vbm_project_env' returned '0': CMAKE_PREFIX_PATH=${CMAKE_PREFIX_PATH}:/opt/ros/humble /usr/bin/cmake --install /home/theo/Documents/RBE4540FinalProjectGroup1/project_ws/build/vbm_project_env
[1.116s] Level 1:colcon.colcon_core.environment:checking '/home/theo/Documents/RBE4540FinalProjectGroup1/project_ws/install/vbm_project_env' for CMake module files
[1.117s] Level 1:colcon.colcon_core.environment:checking '/home/theo/Documents/RBE4540FinalProjectGroup1/project_ws/install/vbm_project_env' for CMake config files
[1.117s] Level 1:colcon.colcon_core.shell:create_environment_hook('vbm_project_env', 'cmake_prefix_path')
[1.117s] INFO:colcon.colcon_core.shell:Creating environment hook '/home/theo/Documents/RBE4540FinalProjectGroup1/project_ws/install/vbm_project_env/share/vbm_project_env/hook/cmake_prefix_path.ps1'
[1.118s] INFO:colcon.colcon_core.shell:Creating environment descriptor '/home/theo/Documents/RBE4540FinalProjectGroup1/project_ws/install/vbm_project_env/share/vbm_project_env/hook/cmake_prefix_path.dsv'
[1.118s] INFO:colcon.colcon_core.shell:Creating environment hook '/home/theo/Documents/RBE4540FinalProjectGroup1/project_ws/install/vbm_project_env/share/vbm_project_env/hook/cmake_prefix_path.sh'
[1.120s] Level 1:colcon.colcon_core.environment:checking '/home/theo/Documents/RBE4540FinalProjectGroup1/project_ws/install/vbm_project_env/bin'
[1.120s] Level 1:colcon.colcon_core.environment:checking '/home/theo/Documents/RBE4540FinalProjectGroup1/project_ws/install/vbm_project_env/lib/pkgconfig/vbm_project_env.pc'
[1.120s] Level 1:colcon.colcon_core.environment:checking '/home/theo/Documents/RBE4540FinalProjectGroup1/project_ws/install/vbm_project_env/lib/python3.10/site-packages'
[1.121s] Level 1:colcon.colcon_core.environment:checking '/home/theo/Documents/RBE4540FinalProjectGroup1/project_ws/install/vbm_project_env/bin'
[1.121s] INFO:colcon.colcon_core.shell:Creating package script '/home/theo/Documents/RBE4540FinalProjectGroup1/project_ws/install/vbm_project_env/share/vbm_project_env/package.ps1'
[1.122s] INFO:colcon.colcon_core.shell:Creating package descriptor '/home/theo/Documents/RBE4540FinalProjectGroup1/project_ws/install/vbm_project_env/share/vbm_project_env/package.dsv'
[1.123s] INFO:colcon.colcon_core.shell:Creating package script '/home/theo/Documents/RBE4540FinalProjectGroup1/project_ws/install/vbm_project_env/share/vbm_project_env/package.sh'
[1.124s] INFO:colcon.colcon_core.shell:Creating package script '/home/theo/Documents/RBE4540FinalProjectGroup1/project_ws/install/vbm_project_env/share/vbm_project_env/package.bash'
[1.125s] INFO:colcon.colcon_core.shell:Creating package script '/home/theo/Documents/RBE4540FinalProjectGroup1/project_ws/install/vbm_project_env/share/vbm_project_env/package.zsh'
[1.126s] Level 1:colcon.colcon_core.environment:create_file_with_runtime_dependencies(/home/theo/Documents/RBE4540FinalProjectGroup1/project_ws/install/vbm_project_env/share/colcon-core/packages/vbm_project_env)
[1.127s] Level 1:colcon.colcon_core.environment:create_environment_scripts_only(vbm_project_env)
[1.128s] Level 1:colcon.colcon_core.environment:checking '/home/theo/Documents/RBE4540FinalProjectGroup1/project_ws/install/vbm_project_env' for CMake module files
[1.128s] Level 1:colcon.colcon_core.environment:checking '/home/theo/Documents/RBE4540FinalProjectGroup1/project_ws/install/vbm_project_env' for CMake config files
[1.128s] Level 1:colcon.colcon_core.shell:create_environment_hook('vbm_project_env', 'cmake_prefix_path')
[1.129s] INFO:colcon.colcon_core.shell:Creating environment hook '/home/theo/Documents/RBE4540FinalProjectGroup1/project_ws/install/vbm_project_env/share/vbm_project_env/hook/cmake_prefix_path.ps1'
[1.129s] INFO:colcon.colcon_core.shell:Creating environment descriptor '/home/theo/Documents/RBE4540FinalProjectGroup1/project_ws/install/vbm_project_env/share/vbm_project_env/hook/cmake_prefix_path.dsv'
[1.129s] INFO:colcon.colcon_core.shell:Creating environment hook '/home/theo/Documents/RBE4540FinalProjectGroup1/project_ws/install/vbm_project_env/share/vbm_project_env/hook/cmake_prefix_path.sh'
[1.130s] Level 1:colcon.colcon_core.environment:checking '/home/theo/Documents/RBE4540FinalProjectGroup1/project_ws/install/vbm_project_env/bin'
[1.130s] Level 1:colcon.colcon_core.environment:checking '/home/theo/Documents/RBE4540FinalProjectGroup1/project_ws/install/vbm_project_env/lib/pkgconfig/vbm_project_env.pc'
[1.130s] Level 1:colcon.colcon_core.environment:checking '/home/theo/Documents/RBE4540FinalProjectGroup1/project_ws/install/vbm_project_env/lib/python3.10/site-packages'
[1.130s] Level 1:colcon.colcon_core.environment:checking '/home/theo/Documents/RBE4540FinalProjectGroup1/project_ws/install/vbm_project_env/bin'
[1.131s] INFO:colcon.colcon_core.shell:Creating package script '/home/theo/Documents/RBE4540FinalProjectGroup1/project_ws/install/vbm_project_env/share/vbm_project_env/package.ps1'
[1.131s] INFO:colcon.colcon_core.shell:Creating package descriptor '/home/theo/Documents/RBE4540FinalProjectGroup1/project_ws/install/vbm_project_env/share/vbm_project_env/package.dsv'
[1.132s] INFO:colcon.colcon_core.shell:Creating package script '/home/theo/Documents/RBE4540FinalProjectGroup1/project_ws/install/vbm_project_env/share/vbm_project_env/package.sh'
[1.132s] INFO:colcon.colcon_core.shell:Creating package script '/home/theo/Documents/RBE4540FinalProjectGroup1/project_ws/install/vbm_project_env/share/vbm_project_env/package.bash'
[1.132s] INFO:colcon.colcon_core.shell:Creating package script '/home/theo/Documents/RBE4540FinalProjectGroup1/project_ws/install/vbm_project_env/share/vbm_project_env/package.zsh'
[1.133s] Level 1:colcon.colcon_core.environment:create_file_with_runtime_dependencies(/home/theo/Documents/RBE4540FinalProjectGroup1/project_ws/install/vbm_project_env/share/colcon-core/packages/vbm_project_env)
[3.615s] DEBUG:colcon.colcon_core.event_handler.log_command:Invoked command in '/home/theo/Documents/RBE4540FinalProjectGroup1/project_ws/build/pcl' returned '0': CMAKE_PREFIX_PATH=${CMAKE_PREFIX_PATH}:/opt/ros/humble /usr/bin/cmake /home/theo/Documents/RBE4540FinalProjectGroup1/project_ws/src/pcl -DCMAKE_INSTALL_PREFIX=/home/theo/Documents/RBE4540FinalProjectGroup1/project_ws/install/pcl
[3.618s] DEBUG:colcon.colcon_core.event_handler.log_command:Invoking command in '/home/theo/Documents/RBE4540FinalProjectGroup1/project_ws/build/pcl': CMAKE_PREFIX_PATH=${CMAKE_PREFIX_PATH}:/opt/ros/humble /usr/bin/cmake --build /home/theo/Documents/RBE4540FinalProjectGroup1/project_ws/build/pcl -- -j4 -l4
[19.277s] DEBUG:colcon.colcon_core.event_handler.log_command:Invoked command in '/home/theo/Documents/RBE4540FinalProjectGroup1/project_ws/build/pcl' returned '0': CMAKE_PREFIX_PATH=${CMAKE_PREFIX_PATH}:/opt/ros/humble /usr/bin/cmake --build /home/theo/Documents/RBE4540FinalProjectGroup1/project_ws/build/pcl -- -j4 -l4
[19.279s] DEBUG:colcon.colcon_core.event_handler.log_command:Invoking command in '/home/theo/Documents/RBE4540FinalProjectGroup1/project_ws/build/pcl': CMAKE_PREFIX_PATH=${CMAKE_PREFIX_PATH}:/opt/ros/humble /usr/bin/cmake --install /home/theo/Documents/RBE4540FinalProjectGroup1/project_ws/build/pcl
[19.329s] Level 1:colcon.colcon_core.environment:create_environment_scripts_only(pcl)
[19.329s] Level 1:colcon.colcon_core.environment:checking '/home/theo/Documents/RBE4540FinalProjectGroup1/project_ws/install/pcl' for CMake module files
[19.329s] DEBUG:colcon.colcon_core.event_handler.log_command:Invoked command in '/home/theo/Documents/RBE4540FinalProjectGroup1/project_ws/build/pcl' returned '0': CMAKE_PREFIX_PATH=${CMAKE_PREFIX_PATH}:/opt/ros/humble /usr/bin/cmake --install /home/theo/Documents/RBE4540FinalProjectGroup1/project_ws/build/pcl
[19.330s] Level 1:colcon.colcon_core.environment:checking '/home/theo/Documents/RBE4540FinalProjectGroup1/project_ws/install/pcl' for CMake config files
[19.330s] Level 1:colcon.colcon_core.shell:create_environment_hook('pcl', 'cmake_prefix_path')
[19.330s] INFO:colcon.colcon_core.shell:Creating environment hook '/home/theo/Documents/RBE4540FinalProjectGroup1/project_ws/install/pcl/share/pcl/hook/cmake_prefix_path.ps1'
[19.330s] INFO:colcon.colcon_core.shell:Creating environment descriptor '/home/theo/Documents/RBE4540FinalProjectGroup1/project_ws/install/pcl/share/pcl/hook/cmake_prefix_path.dsv'
[19.331s] INFO:colcon.colcon_core.shell:Creating environment hook '/home/theo/Documents/RBE4540FinalProjectGroup1/project_ws/install/pcl/share/pcl/hook/cmake_prefix_path.sh'
[19.331s] Level 1:colcon.colcon_core.environment:checking '/home/theo/Documents/RBE4540FinalProjectGroup1/project_ws/install/pcl/lib'
[19.331s] Level 1:colcon.colcon_core.environment:checking '/home/theo/Documents/RBE4540FinalProjectGroup1/project_ws/install/pcl/bin'
[19.331s] Level 1:colcon.colcon_core.environment:checking '/home/theo/Documents/RBE4540FinalProjectGroup1/project_ws/install/pcl/lib/pkgconfig/pcl.pc'
[19.332s] Level 1:colcon.colcon_core.environment:checking '/home/theo/Documents/RBE4540FinalProjectGroup1/project_ws/install/pcl/lib/python3.10/site-packages'
[19.332s] Level 1:colcon.colcon_core.environment:checking '/home/theo/Documents/RBE4540FinalProjectGroup1/project_ws/install/pcl/bin'
[19.332s] INFO:colcon.colcon_core.shell:Creating package script '/home/theo/Documents/RBE4540FinalProjectGroup1/project_ws/install/pcl/share/pcl/package.ps1'
[19.332s] INFO:colcon.colcon_core.shell:Creating package descriptor '/home/theo/Documents/RBE4540FinalProjectGroup1/project_ws/install/pcl/share/pcl/package.dsv'
[19.333s] INFO:colcon.colcon_core.shell:Creating package script '/home/theo/Documents/RBE4540FinalProjectGroup1/project_ws/install/pcl/share/pcl/package.sh'
[19.333s] INFO:colcon.colcon_core.shell:Creating package script '/home/theo/Documents/RBE4540FinalProjectGroup1/project_ws/install/pcl/share/pcl/package.bash'
[19.333s] INFO:colcon.colcon_core.shell:Creating package script '/home/theo/Documents/RBE4540FinalProjectGroup1/project_ws/install/pcl/share/pcl/package.zsh'
[19.334s] Level 1:colcon.colcon_core.environment:create_file_with_runtime_dependencies(/home/theo/Documents/RBE4540FinalProjectGroup1/project_ws/install/pcl/share/colcon-core/packages/pcl)
[19.334s] Level 1:colcon.colcon_core.environment:create_environment_scripts_only(pcl)
[19.334s] Level 1:colcon.colcon_core.environment:checking '/home/theo/Documents/RBE4540FinalProjectGroup1/project_ws/install/pcl' for CMake module files
[19.335s] Level 1:colcon.colcon_core.environment:checking '/home/theo/Documents/RBE4540FinalProjectGroup1/project_ws/install/pcl' for CMake config files
[19.335s] Level 1:colcon.colcon_core.shell:create_environment_hook('pcl', 'cmake_prefix_path')
[19.335s] INFO:colcon.colcon_core.shell:Creating environment hook '/home/theo/Documents/RBE4540FinalProjectGroup1/project_ws/install/pcl/share/pcl/hook/cmake_prefix_path.ps1'
[19.335s] INFO:colcon.colcon_core.shell:Creating environment descriptor '/home/theo/Documents/RBE4540FinalProjectGroup1/project_ws/install/pcl/share/pcl/hook/cmake_prefix_path.dsv'
[19.336s] INFO:colcon.colcon_core.shell:Creating environment hook '/home/theo/Documents/RBE4540FinalProjectGroup1/project_ws/install/pcl/share/pcl/hook/cmake_prefix_path.sh'
[19.336s] Level 1:colcon.colcon_core.environment:checking '/home/theo/Documents/RBE4540FinalProjectGroup1/project_ws/install/pcl/lib'
[19.336s] Level 1:colcon.colcon_core.environment:checking '/home/theo/Documents/RBE4540FinalProjectGroup1/project_ws/install/pcl/bin'
[19.336s] Level 1:colcon.colcon_core.environment:checking '/home/theo/Documents/RBE4540FinalProjectGroup1/project_ws/install/pcl/lib/pkgconfig/pcl.pc'
[19.336s] Level 1:colcon.colcon_core.environment:checking '/home/theo/Documents/RBE4540FinalProjectGroup1/project_ws/install/pcl/lib/python3.10/site-packages'
[19.337s] Level 1:colcon.colcon_core.environment:checking '/home/theo/Documents/RBE4540FinalProjectGroup1/project_ws/install/pcl/bin'
[19.337s] INFO:colcon.colcon_core.shell:Creating package script '/home/theo/Documents/RBE4540FinalProjectGroup1/project_ws/install/pcl/share/pcl/package.ps1'
[19.337s] INFO:colcon.colcon_core.shell:Creating package descriptor '/home/theo/Documents/RBE4540FinalProjectGroup1/project_ws/install/pcl/share/pcl/package.dsv'
[19.338s] INFO:colcon.colcon_core.shell:Creating package script '/home/theo/Documents/RBE4540FinalProjectGroup1/project_ws/install/pcl/share/pcl/package.sh'
[19.338s] INFO:colcon.colcon_core.shell:Creating package script '/home/theo/Documents/RBE4540FinalProjectGroup1/project_ws/install/pcl/share/pcl/package.bash'
[19.338s] INFO:colcon.colcon_core.shell:Creating package script '/home/theo/Documents/RBE4540FinalProjectGroup1/project_ws/install/pcl/share/pcl/package.zsh'
[19.339s] Level 1:colcon.colcon_core.environment:create_file_with_runtime_dependencies(/home/theo/Documents/RBE4540FinalProjectGroup1/project_ws/install/pcl/share/colcon-core/packages/pcl)
[19.339s] DEBUG:colcon.colcon_parallel_executor.executor.parallel:closing loop
[19.339s] DEBUG:colcon.colcon_parallel_executor.executor.parallel:loop closed
[19.339s] DEBUG:colcon.colcon_parallel_executor.executor.parallel:run_until_complete finished with '0'
[19.339s] DEBUG:colcon.colcon_core.event_reactor:joining thread
[19.346s] INFO:colcon.colcon_core.plugin_system:Skipping extension 'colcon_notification.desktop_notification.terminal_notifier': Not used on non-Darwin systems
[19.346s] INFO:colcon.colcon_core.plugin_system:Skipping extension 'colcon_notification.desktop_notification.win32': Not used on non-Windows systems
[19.346s] INFO:colcon.colcon_notification.desktop_notification:Sending desktop notification using 'notify2'
[19.356s] DEBUG:colcon.colcon_core.event_reactor:joined thread
[19.356s] INFO:colcon.colcon_core.shell:Creating prefix script '/home/theo/Documents/RBE4540FinalProjectGroup1/project_ws/install/local_setup.ps1'
[19.357s] INFO:colcon.colcon_core.shell:Creating prefix util module '/home/theo/Documents/RBE4540FinalProjectGroup1/project_ws/install/_local_setup_util_ps1.py'
[19.359s] INFO:colcon.colcon_core.shell:Creating prefix chain script '/home/theo/Documents/RBE4540FinalProjectGroup1/project_ws/install/setup.ps1'
[19.361s] INFO:colcon.colcon_core.shell:Creating prefix script '/home/theo/Documents/RBE4540FinalProjectGroup1/project_ws/install/local_setup.sh'
[19.361s] INFO:colcon.colcon_core.shell:Creating prefix util module '/home/theo/Documents/RBE4540FinalProjectGroup1/project_ws/install/_local_setup_util_sh.py'
[19.362s] INFO:colcon.colcon_core.shell:Creating prefix chain script '/home/theo/Documents/RBE4540FinalProjectGroup1/project_ws/install/setup.sh'
[19.363s] INFO:colcon.colcon_core.shell:Creating prefix script '/home/theo/Documents/RBE4540FinalProjectGroup1/project_ws/install/local_setup.bash'
[19.363s] INFO:colcon.colcon_core.shell:Creating prefix chain script '/home/theo/Documents/RBE4540FinalProjectGroup1/project_ws/install/setup.bash'
[19.364s] INFO:colcon.colcon_core.shell:Creating prefix script '/home/theo/Documents/RBE4540FinalProjectGroup1/project_ws/install/local_setup.zsh'
[19.365s] INFO:colcon.colcon_core.shell:Creating prefix chain script '/home/theo/Documents/RBE4540FinalProjectGroup1/project_ws/install/setup.zsh'
