[0.010s] Invoking command in '/home/theo/Documents/RBE4540FinalProjectGroup1/project_ws/build/vbm_project_env': CMAKE_PREFIX_PATH=${CMAKE_PREFIX_PATH}:/opt/ros/humble /usr/bin/cmake /home/theo/Documents/RBE4540FinalProjectGroup1/project_ws/src/vbm_project_env -DCMAKE_INSTALL_PREFIX=/home/theo/Documents/RBE4540FinalProjectGroup1/project_ws/install/vbm_project_env
[0.066s] -- The C compiler identification is GNU 11.4.0
[0.124s] -- The CXX compiler identification is GNU 11.4.0
[0.134s] -- Detecting C compiler ABI info
[0.204s] -- Detecting C compiler ABI info - done
[0.212s] -- Check for working C compiler: /usr/bin/cc - skipped
[0.213s] -- Detecting C compile features
[0.213s] -- Detecting C compile features - done
[0.216s] -- Detecting CXX compiler ABI info
[0.298s] -- Detecting CXX compiler ABI info - done
[0.307s] -- Check for working CXX compiler: /usr/bin/c++ - skipped
[0.307s] -- Detecting CXX compile features
[0.308s] -- Detecting CXX compile features - done
[0.310s] -- Found ament_cmake: 1.3.12 (/opt/ros/humble/share/ament_cmake/cmake)
[0.466s] -- Found Python3: /usr/bin/python3 (found version "3.10.12") found components: Interpreter 
[0.565s] -- Found ament_lint_auto: 0.12.14 (/opt/ros/humble/share/ament_lint_auto/cmake)
[0.659s] -- Added test 'flake8' to check Python code syntax and style conventions
[0.659s] -- Added test 'lint_cmake' to check CMake code style
[0.660s] -- Added test 'pep257' to check Python code against some of the docstring style conventions in PEP 257
[0.662s] -- Added test 'xmllint' to check XML markup files
[0.663s] -- Configuring done
[0.667s] -- Generating done
[0.669s] -- Build files have been written to: /home/theo/Documents/RBE4540FinalProjectGroup1/project_ws/build/vbm_project_env
[0.674s] Invoked command in '/home/theo/Documents/RBE4540FinalProjectGroup1/project_ws/build/vbm_project_env' returned '0': CMAKE_PREFIX_PATH=${CMAKE_PREFIX_PATH}:/opt/ros/humble /usr/bin/cmake /home/theo/Documents/RBE4540FinalProjectGroup1/project_ws/src/vbm_project_env -DCMAKE_INSTALL_PREFIX=/home/theo/Documents/RBE4540FinalProjectGroup1/project_ws/install/vbm_project_env
[0.676s] Invoking command in '/home/theo/Documents/RBE4540FinalProjectGroup1/project_ws/build/vbm_project_env': CMAKE_PREFIX_PATH=${CMAKE_PREFIX_PATH}:/opt/ros/humble /usr/bin/cmake --build /home/theo/Documents/RBE4540FinalProjectGroup1/project_ws/build/vbm_project_env -- -j4 -l4
[0.714s] Invoked command in '/home/theo/Documents/RBE4540FinalProjectGroup1/project_ws/build/vbm_project_env' returned '0': CMAKE_PREFIX_PATH=${CMAKE_PREFIX_PATH}:/opt/ros/humble /usr/bin/cmake --build /home/theo/Documents/RBE4540FinalProjectGroup1/project_ws/build/vbm_project_env -- -j4 -l4
[0.725s] Invoking command in '/home/theo/Documents/RBE4540FinalProjectGroup1/project_ws/build/vbm_project_env': CMAKE_PREFIX_PATH=${CMAKE_PREFIX_PATH}:/opt/ros/humble /usr/bin/cmake --install /home/theo/Documents/RBE4540FinalProjectGroup1/project_ws/build/vbm_project_env
[0.732s] -- Install configuration: ""
[0.732s] -- Installing: /home/theo/Documents/RBE4540FinalProjectGroup1/project_ws/install/vbm_project_env/share/vbm_project_env/launch
[0.732s] -- Installing: /home/theo/Documents/RBE4540FinalProjectGroup1/project_ws/install/vbm_project_env/share/vbm_project_env/launch/simulation.launch.py
[0.732s] -- Installing: /home/theo/Documents/RBE4540FinalProjectGroup1/project_ws/install/vbm_project_env/share/vbm_project_env/worlds
[0.732s] -- Installing: /home/theo/Documents/RBE4540FinalProjectGroup1/project_ws/install/vbm_project_env/share/vbm_project_env/worlds/simulation.world
[0.732s] -- Installing: /home/theo/Documents/RBE4540FinalProjectGroup1/project_ws/install/vbm_project_env/share/vbm_project_env/urdf
[0.732s] -- Installing: /home/theo/Documents/RBE4540FinalProjectGroup1/project_ws/install/vbm_project_env/share/vbm_project_env/urdf/camera.urdf
[0.733s] -- Installing: /home/theo/Documents/RBE4540FinalProjectGroup1/project_ws/install/vbm_project_env/share/ament_index/resource_index/package_run_dependencies/vbm_project_env
[0.733s] -- Installing: /home/theo/Documents/RBE4540FinalProjectGroup1/project_ws/install/vbm_project_env/share/ament_index/resource_index/parent_prefix_path/vbm_project_env
[0.733s] -- Installing: /home/theo/Documents/RBE4540FinalProjectGroup1/project_ws/install/vbm_project_env/share/vbm_project_env/environment/ament_prefix_path.sh
[0.733s] -- Installing: /home/theo/Documents/RBE4540FinalProjectGroup1/project_ws/install/vbm_project_env/share/vbm_project_env/environment/ament_prefix_path.dsv
[0.733s] -- Installing: /home/theo/Documents/RBE4540FinalProjectGroup1/project_ws/install/vbm_project_env/share/vbm_project_env/environment/path.sh
[0.734s] -- Installing: /home/theo/Documents/RBE4540FinalProjectGroup1/project_ws/install/vbm_project_env/share/vbm_project_env/environment/path.dsv
[0.734s] -- Installing: /home/theo/Documents/RBE4540FinalProjectGroup1/project_ws/install/vbm_project_env/share/vbm_project_env/local_setup.bash
[0.734s] -- Installing: /home/theo/Documents/RBE4540FinalProjectGroup1/project_ws/install/vbm_project_env/share/vbm_project_env/local_setup.sh
[0.734s] -- Installing: /home/theo/Documents/RBE4540FinalProjectGroup1/project_ws/install/vbm_project_env/share/vbm_project_env/local_setup.zsh
[0.735s] -- Installing: /home/theo/Documents/RBE4540FinalProjectGroup1/project_ws/install/vbm_project_env/share/vbm_project_env/local_setup.dsv
[0.735s] -- Installing: /home/theo/Documents/RBE4540FinalProjectGroup1/project_ws/install/vbm_project_env/share/vbm_project_env/package.dsv
[0.735s] -- Installing: /home/theo/Documents/RBE4540FinalProjectGroup1/project_ws/install/vbm_project_env/share/ament_index/resource_index/packages/vbm_project_env
[0.735s] -- Installing: /home/theo/Documents/RBE4540FinalProjectGroup1/project_ws/install/vbm_project_env/share/vbm_project_env/cmake/vbm_project_envConfig.cmake
[0.735s] -- Installing: /home/theo/Documents/RBE4540FinalProjectGroup1/project_ws/install/vbm_project_env/share/vbm_project_env/cmake/vbm_project_envConfig-version.cmake
[0.736s] -- Installing: /home/theo/Documents/RBE4540FinalProjectGroup1/project_ws/install/vbm_project_env/share/vbm_project_env/package.xml
[0.737s] Invoked command in '/home/theo/Documents/RBE4540FinalProjectGroup1/project_ws/build/vbm_project_env' returned '0': CMAKE_PREFIX_PATH=${CMAKE_PREFIX_PATH}:/opt/ros/humble /usr/bin/cmake --install /home/theo/Documents/RBE4540FinalProjectGroup1/project_ws/build/vbm_project_env
