[0.015s] Invoking command in '/home/theo/Documents/RBE4540FinalProjectGroup1/project_ws/build/pcl': CMAKE_PREFIX_PATH=${CMAKE_PREFIX_PATH}:/opt/ros/humble /usr/bin/cmake --build /home/theo/Documents/RBE4540FinalProjectGroup1/project_ws/build/pcl -- -j4 -l4
[0.064s] [35m[1mConsolidate compiler generated dependencies of target transform_pointcloud[0m
[0.090s] [  0%] Built target ament_cmake_python_copy_pcl
[0.108s] [100%] Built target transform_pointcloud
[0.325s] running egg_info
[0.326s] writing pcl.egg-info/PKG-INFO
[0.326s] writing dependency_links to pcl.egg-info/dependency_links.txt
[0.327s] writing top-level names to pcl.egg-info/top_level.txt
[0.329s] reading manifest file 'pcl.egg-info/SOURCES.txt'
[0.330s] writing manifest file 'pcl.egg-info/SOURCES.txt'
[0.357s] [100%] Built target ament_cmake_python_build_pcl_egg
[0.368s] Invoked command in '/home/theo/Documents/RBE4540FinalProjectGroup1/project_ws/build/pcl' returned '0': CMAKE_PREFIX_PATH=${CMAKE_PREFIX_PATH}:/opt/ros/humble /usr/bin/cmake --build /home/theo/Documents/RBE4540FinalProjectGroup1/project_ws/build/pcl -- -j4 -l4
[0.370s] Invoking command in '/home/theo/Documents/RBE4540FinalProjectGroup1/project_ws/build/pcl': CMAKE_PREFIX_PATH=${CMAKE_PREFIX_PATH}:/opt/ros/humble /usr/bin/cmake --install /home/theo/Documents/RBE4540FinalProjectGroup1/project_ws/build/pcl
[0.377s] -- Install configuration: ""
[0.378s] -- Up-to-date: /home/theo/Documents/RBE4540FinalProjectGroup1/project_ws/install/pcl/lib/pcl/transform_pointcloud
[0.378s] -- Up-to-date: /home/theo/Documents/RBE4540FinalProjectGroup1/project_ws/install/pcl/share/pcl/environment/pythonpath.sh
[0.378s] -- Up-to-date: /home/theo/Documents/RBE4540FinalProjectGroup1/project_ws/install/pcl/share/pcl/environment/pythonpath.dsv
[0.378s] -- Up-to-date: /home/theo/Documents/RBE4540FinalProjectGroup1/project_ws/install/pcl/local/lib/python3.10/dist-packages/pcl-0.0.0-py3.10.egg-info
[0.378s] -- Installing: /home/theo/Documents/RBE4540FinalProjectGroup1/project_ws/install/pcl/local/lib/python3.10/dist-packages/pcl-0.0.0-py3.10.egg-info/SOURCES.txt
[0.379s] -- Installing: /home/theo/Documents/RBE4540FinalProjectGroup1/project_ws/install/pcl/local/lib/python3.10/dist-packages/pcl-0.0.0-py3.10.egg-info/PKG-INFO
[0.379s] -- Installing: /home/theo/Documents/RBE4540FinalProjectGroup1/project_ws/install/pcl/local/lib/python3.10/dist-packages/pcl-0.0.0-py3.10.egg-info/dependency_links.txt
[0.379s] -- Installing: /home/theo/Documents/RBE4540FinalProjectGroup1/project_ws/install/pcl/local/lib/python3.10/dist-packages/pcl-0.0.0-py3.10.egg-info/top_level.txt
[0.379s] -- Up-to-date: /home/theo/Documents/RBE4540FinalProjectGroup1/project_ws/install/pcl/local/lib/python3.10/dist-packages/pcl
[0.379s] -- Up-to-date: /home/theo/Documents/RBE4540FinalProjectGroup1/project_ws/install/pcl/local/lib/python3.10/dist-packages/pcl/__init__.py
[0.408s] Listing '/home/theo/Documents/RBE4540FinalProjectGroup1/project_ws/install/pcl/local/lib/python3.10/dist-packages/pcl'...
[0.413s] -- Up-to-date: /home/theo/Documents/RBE4540FinalProjectGroup1/project_ws/install/pcl/share/ament_index/resource_index/package_run_dependencies/pcl
[0.413s] -- Up-to-date: /home/theo/Documents/RBE4540FinalProjectGroup1/project_ws/install/pcl/share/ament_index/resource_index/parent_prefix_path/pcl
[0.413s] -- Up-to-date: /home/theo/Documents/RBE4540FinalProjectGroup1/project_ws/install/pcl/share/pcl/environment/ament_prefix_path.sh
[0.413s] -- Up-to-date: /home/theo/Documents/RBE4540FinalProjectGroup1/project_ws/install/pcl/share/pcl/environment/ament_prefix_path.dsv
[0.413s] -- Up-to-date: /home/theo/Documents/RBE4540FinalProjectGroup1/project_ws/install/pcl/share/pcl/environment/path.sh
[0.414s] -- Up-to-date: /home/theo/Documents/RBE4540FinalProjectGroup1/project_ws/install/pcl/share/pcl/environment/path.dsv
[0.414s] -- Up-to-date: /home/theo/Documents/RBE4540FinalProjectGroup1/project_ws/install/pcl/share/pcl/local_setup.bash
[0.414s] -- Up-to-date: /home/theo/Documents/RBE4540FinalProjectGroup1/project_ws/install/pcl/share/pcl/local_setup.sh
[0.414s] -- Up-to-date: /home/theo/Documents/RBE4540FinalProjectGroup1/project_ws/install/pcl/share/pcl/local_setup.zsh
[0.414s] -- Up-to-date: /home/theo/Documents/RBE4540FinalProjectGroup1/project_ws/install/pcl/share/pcl/local_setup.dsv
[0.414s] -- Installing: /home/theo/Documents/RBE4540FinalProjectGroup1/project_ws/install/pcl/share/pcl/package.dsv
[0.414s] -- Up-to-date: /home/theo/Documents/RBE4540FinalProjectGroup1/project_ws/install/pcl/share/ament_index/resource_index/packages/pcl
[0.414s] -- Up-to-date: /home/theo/Documents/RBE4540FinalProjectGroup1/project_ws/install/pcl/share/pcl/cmake/pclConfig.cmake
[0.414s] -- Up-to-date: /home/theo/Documents/RBE4540FinalProjectGroup1/project_ws/install/pcl/share/pcl/cmake/pclConfig-version.cmake
[0.414s] -- Up-to-date: /home/theo/Documents/RBE4540FinalProjectGroup1/project_ws/install/pcl/share/pcl/package.xml
[0.416s] Invoked command in '/home/theo/Documents/RBE4540FinalProjectGroup1/project_ws/build/pcl' returned '0': CMAKE_PREFIX_PATH=${CMAKE_PREFIX_PATH}:/opt/ros/humble /usr/bin/cmake --install /home/theo/Documents/RBE4540FinalProjectGroup1/project_ws/build/pcl
