[0.071s] Invoking command in '/home/theo/Documents/RBE4540FinalProjectGroup1/project_ws/build/pcl': CMAKE_PREFIX_PATH=${CMAKE_PREFIX_PATH}:/opt/ros/humble /usr/bin/cmake --build /home/theo/Documents/RBE4540FinalProjectGroup1/project_ws/build/pcl -- -j4 -l4
[0.328s] [  0%] Built target ament_cmake_python_copy_pcl
[0.386s] [100%] Built target transform_pointcloud
[1.281s] running egg_info
[1.286s] writing pcl.egg-info/PKG-INFO
[1.287s] writing dependency_links to pcl.egg-info/dependency_links.txt
[1.288s] writing top-level names to pcl.egg-info/top_level.txt
[1.298s] reading manifest file 'pcl.egg-info/SOURCES.txt'
[1.299s] writing manifest file 'pcl.egg-info/SOURCES.txt'
[1.396s] [100%] Built target ament_cmake_python_build_pcl_egg
[1.424s] Invoked command in '/home/theo/Documents/RBE4540FinalProjectGroup1/project_ws/build/pcl' returned '0': CMAKE_PREFIX_PATH=${CMAKE_PREFIX_PATH}:/opt/ros/humble /usr/bin/cmake --build /home/theo/Documents/RBE4540FinalProjectGroup1/project_ws/build/pcl -- -j4 -l4
[1.433s] Invoking command in '/home/theo/Documents/RBE4540FinalProjectGroup1/project_ws/build/pcl': CMAKE_PREFIX_PATH=${CMAKE_PREFIX_PATH}:/opt/ros/humble /usr/bin/cmake --install /home/theo/Documents/RBE4540FinalProjectGroup1/project_ws/build/pcl
[1.458s] -- Install configuration: ""
[1.459s] -- Up-to-date: /home/theo/Documents/RBE4540FinalProjectGroup1/project_ws/install/pcl/lib/pcl/transform_pointcloud
[1.459s] -- Up-to-date: /home/theo/Documents/RBE4540FinalProjectGroup1/project_ws/install/pcl/share/pcl/environment/pythonpath.sh
[1.459s] -- Up-to-date: /home/theo/Documents/RBE4540FinalProjectGroup1/project_ws/install/pcl/share/pcl/environment/pythonpath.dsv
[1.460s] -- Up-to-date: /home/theo/Documents/RBE4540FinalProjectGroup1/project_ws/install/pcl/local/lib/python3.10/dist-packages/pcl-0.0.0-py3.10.egg-info
[1.460s] -- Installing: /home/theo/Documents/RBE4540FinalProjectGroup1/project_ws/install/pcl/local/lib/python3.10/dist-packages/pcl-0.0.0-py3.10.egg-info/SOURCES.txt
[1.460s] -- Installing: /home/theo/Documents/RBE4540FinalProjectGroup1/project_ws/install/pcl/local/lib/python3.10/dist-packages/pcl-0.0.0-py3.10.egg-info/PKG-INFO
[1.460s] -- Installing: /home/theo/Documents/RBE4540FinalProjectGroup1/project_ws/install/pcl/local/lib/python3.10/dist-packages/pcl-0.0.0-py3.10.egg-info/dependency_links.txt
[1.461s] -- Installing: /home/theo/Documents/RBE4540FinalProjectGroup1/project_ws/install/pcl/local/lib/python3.10/dist-packages/pcl-0.0.0-py3.10.egg-info/top_level.txt
[1.461s] -- Up-to-date: /home/theo/Documents/RBE4540FinalProjectGroup1/project_ws/install/pcl/local/lib/python3.10/dist-packages/pcl
[1.461s] -- Up-to-date: /home/theo/Documents/RBE4540FinalProjectGroup1/project_ws/install/pcl/local/lib/python3.10/dist-packages/pcl/__init__.py
[1.578s] Listing '/home/theo/Documents/RBE4540FinalProjectGroup1/project_ws/install/pcl/local/lib/python3.10/dist-packages/pcl'...
[1.601s] -- Up-to-date: /home/theo/Documents/RBE4540FinalProjectGroup1/project_ws/install/pcl/share/ament_index/resource_index/package_run_dependencies/pcl
[1.601s] -- Up-to-date: /home/theo/Documents/RBE4540FinalProjectGroup1/project_ws/install/pcl/share/ament_index/resource_index/parent_prefix_path/pcl
[1.601s] -- Up-to-date: /home/theo/Documents/RBE4540FinalProjectGroup1/project_ws/install/pcl/share/pcl/environment/ament_prefix_path.sh
[1.601s] -- Up-to-date: /home/theo/Documents/RBE4540FinalProjectGroup1/project_ws/install/pcl/share/pcl/environment/ament_prefix_path.dsv
[1.601s] -- Up-to-date: /home/theo/Documents/RBE4540FinalProjectGroup1/project_ws/install/pcl/share/pcl/environment/path.sh
[1.602s] -- Up-to-date: /home/theo/Documents/RBE4540FinalProjectGroup1/project_ws/install/pcl/share/pcl/environment/path.dsv
[1.602s] -- Up-to-date: /home/theo/Documents/RBE4540FinalProjectGroup1/project_ws/install/pcl/share/pcl/local_setup.bash
[1.602s] -- Up-to-date: /home/theo/Documents/RBE4540FinalProjectGroup1/project_ws/install/pcl/share/pcl/local_setup.sh
[1.602s] -- Up-to-date: /home/theo/Documents/RBE4540FinalProjectGroup1/project_ws/install/pcl/share/pcl/local_setup.zsh
[1.602s] -- Up-to-date: /home/theo/Documents/RBE4540FinalProjectGroup1/project_ws/install/pcl/share/pcl/local_setup.dsv
[1.602s] -- Installing: /home/theo/Documents/RBE4540FinalProjectGroup1/project_ws/install/pcl/share/pcl/package.dsv
[1.603s] -- Up-to-date: /home/theo/Documents/RBE4540FinalProjectGroup1/project_ws/install/pcl/share/ament_index/resource_index/packages/pcl
[1.603s] -- Up-to-date: /home/theo/Documents/RBE4540FinalProjectGroup1/project_ws/install/pcl/share/pcl/cmake/pclConfig.cmake
[1.603s] -- Up-to-date: /home/theo/Documents/RBE4540FinalProjectGroup1/project_ws/install/pcl/share/pcl/cmake/pclConfig-version.cmake
[1.603s] -- Up-to-date: /home/theo/Documents/RBE4540FinalProjectGroup1/project_ws/install/pcl/share/pcl/package.xml
[1.606s] Invoked command in '/home/theo/Documents/RBE4540FinalProjectGroup1/project_ws/build/pcl' returned '0': CMAKE_PREFIX_PATH=${CMAKE_PREFIX_PATH}:/opt/ros/humble /usr/bin/cmake --install /home/theo/Documents/RBE4540FinalProjectGroup1/project_ws/build/pcl
